Microchip Technology Inc, v2.00 (B)

Tool Name:
  /Applications/microchip/xc16/v2.00/bin/bin/../bin/elf-ld

Command:
  -p30F4011 \
  --mdfp=/Applications/microchip/mplabx/v6.05/packs/Microchip/dsPIC30F_DFP/1.4.104/xc16 \
  -o \
  dist/default/production/ES_Assignment2.X.production.elf \
  -L/Applications/microchip/xc16/v2.00/bin/bin/.. \
  -L/Applications/microchip/mplabx/v6.05/packs/Microchip/dsPIC30F_DFP/1.4.104/xc16/bin/../support/dsPIC30F/gld \
  -L/Applications/microchip/xc16/v2.00/bin/bin/../../lib \
  -L/Applications/microchip/xc16/v2.00/bin/bin/../../support/PIC24E/gld \
  -L/Applications/microchip/xc16/v2.00/bin/bin/../../support/PIC24F/gld \
  -L/Applications/microchip/xc16/v2.00/bin/bin/../../support/PIC24H/gld \
  -L/Applications/microchip/xc16/v2.00/bin/bin/../../support/dsPIC30F/gld \
  -L/Applications/microchip/xc16/v2.00/bin/bin/../../support/dsPIC33C/gld \
  -L/Applications/microchip/xc16/v2.00/bin/bin/../../support/dsPIC33E/gld \
  -L/Applications/microchip/xc16/v2.00/bin/bin/../../support/dsPIC33F/gld \
  build/default/production/main.o \
  build/default/production/my_timer_lib.o \
  build/default/production/my_print_lib.o \
  build/default/production/my_circular_buffer_lib.o \
  build/default/production/parser.o \
  --defsym=__MPLAB_BUILD=1 \
  -Tp30F4011.gld.00 \
  --stack=16 \
  --check-sections \
  --data-init \
  --pack-data \
  --handles \
  --isr \
  --no-gc-sections \
  --fill-upper=0 \
  --stackguard=16 \
  --no-force-link \
  --smart-io \
  -Map=dist/default/production/ES_Assignment2.X.production.map \
  --report-mem \
  --memorysummary \
  dist/default/production/memoryfile.xml \
  -start-group \
  --library=c99-pic30-elf \
  --library=m-elf \
  --library=c99-elf \
  -end-group \


Optional library libp30F4011.a not found
Archive member included because of file (symbol)

/Applications/microchip/xc16/v2.00/bin/bin/../../lib/libc99-pic30-elf.a(crt0_standard.o)
                              (__resetPRI)
/Applications/microchip/xc16/v2.00/bin/bin/../../lib/libc99-pic30-elf.a(data_init_standard.o)
                              /Applications/microchip/xc16/v2.00/bin/bin/../../lib/libc99-pic30-elf.a(crt0_standard.o) (__data_init_standard)
/Applications/microchip/xc16/v2.00/bin/bin/../../lib/libc99-pic30-elf.a(crt_start_mode_normal.Meo)
                              (__crt_start_mode_normal)
/Applications/microchip/xc16/v2.00/bin/bin/../../lib/libc99-pic30-elf.a(fgtge.XX_o)
                              build/default/production/main.o (___gtsf2)
/Applications/microchip/xc16/v2.00/bin/bin/../../lib/libc99-pic30-elf.a(fixsfsi.XX_o)
                              build/default/production/my_timer_lib.o (_(float, int, long long, short, float, short, int))
/Applications/microchip/xc16/v2.00/bin/bin/../../lib/libc99-pic30-elf.a(fixunssfsi.XX_o)
                              build/default/production/main.o (___fixunssfsi)
/Applications/microchip/xc16/v2.00/bin/bin/../../lib/libc99-pic30-elf.a(floatsisf.XX_o)
                              build/default/production/main.o (___floatsisf)
/Applications/microchip/xc16/v2.00/bin/bin/../../lib/libc99-pic30-elf.a(floatunsisf.XX_o)
                              build/default/production/main.o (___floatunsisf)
/Applications/microchip/xc16/v2.00/bin/bin/../../lib/libc99-pic30-elf.a(funpack.XX_o)
                              /Applications/microchip/xc16/v2.00/bin/bin/../../lib/libc99-pic30-elf.a(fixsfsi.XX_o) (__funpack)
/Applications/microchip/xc16/v2.00/bin/bin/../../lib/libc99-pic30-elf.a(addsf3x.XX_o)
                              build/default/production/main.o (___subsf3)
/Applications/microchip/xc16/v2.00/bin/bin/../../lib/libc99-pic30-elf.a(divsf3x.XX_o)
                              build/default/production/main.o (___divsf3)
/Applications/microchip/xc16/v2.00/bin/bin/../../lib/libc99-pic30-elf.a(mulsf3x.XX_o)
                              build/default/production/main.o (___mulsf3)
/Applications/microchip/xc16/v2.00/bin/bin/../../lib/libc99-pic30-elf.a(dnrmpackfx.XX_o)
                              /Applications/microchip/xc16/v2.00/bin/bin/../../lib/libc99-pic30-elf.a(addsf3x.XX_o) (__dnrmpackf)
/Applications/microchip/xc16/v2.00/bin/bin/../../lib/libc99-pic30-elf.a(unpackdnrmfx.XX_o)
                              /Applications/microchip/xc16/v2.00/bin/bin/../../lib/libc99-pic30-elf.a(mulsf3x.XX_o) (__unpackdnrmf)
/Applications/microchip/xc16/v2.00/bin/bin/../../lib/libc99-pic30-elf.a(typefx.XX_o)
                              /Applications/microchip/xc16/v2.00/bin/bin/../../lib/libc99-pic30-elf.a(addsf3x.XX_o) (__typef)
/Applications/microchip/xc16/v2.00/bin/bin/../../lib/libc99-pic30-elf.a(propnanfx.XX_o)
                              /Applications/microchip/xc16/v2.00/bin/bin/../../lib/libc99-pic30-elf.a(addsf3x.XX_o) (__propnanf)
/Applications/microchip/xc16/v2.00/bin/bin/../../lib/libc99-pic30-elf.a(spackfx.XX_o)
                              /Applications/microchip/xc16/v2.00/bin/bin/../../lib/libc99-pic30-elf.a(divsf3x.XX_o) (__spackf)
[...]
Memory Configuration

Name             Origin             Length             Attributes
data             0x000800           0x000800           a !xr
reset            0x000000           0x000004  
ivt              0x000004           0x00007c  
_reserved        0x000080           0x000004  
aivt             0x000084           0x00007c  
program          0x000100           0x007f00           xr
eedata           0x7ffc00           0x000400  
FUID0            0x8005c0           0x000002  
FUID1            0x8005c2           0x000002  
FUID2            0x8005c4           0x000002  
FUID3            0x8005c6           0x000002  
FOSC             0xf80000           0x000002  
FWDT             0xf80002           0x000002  
FBORPOR          0xf80004           0x000002  
RESERVED1        0xf80006           0x000002  
RESERVED2        0xf80008           0x000002  
FGS              0xf8000a           0x000002  
FICD             0xf8000c           0x000002  
*default*        0x000000           0xffffffffffffffff  

Linker script and memory map

LOAD build/default/production/main.o
LOAD build/default/production/my_timer_lib.o
LOAD build/default/production/my_print_lib.o
LOAD build/default/production/my_circular_buffer_lib.o
LOAD build/default/production/parser.o
                    0x0001                  __MPLAB_BUILD = 0x1
LOAD p30F4011
LOAD /Applications/microchip/xc16/v2.00/bin/bin/../../lib/libfx-elf.a
                    0x8005c0                  __FUID0 = 0x8005c0
                    0x8005c2                  __FUID1 = 0x8005c2
                    0x8005c4                  __FUID2 = 0x8005c4
                    0x8005c6                  __FUID3 = 0x8005c6
                    0xf80000                  __FOSC = 0xf80000
                    0xf80002                  __FWDT = 0xf80002
                    0xf80004                  __FBORPOR = 0xf80004
                    0xf80006                  __RESERVED1 = 0xf80006
                    0xf80008                  __RESERVED2 = 0xf80008
                    0xf8000a                  __FGS = 0xf8000a
                    0xf8000c                  __FICD = 0xf8000c
                    0x0001                  __NO_HANDLES = 0x1
                    0x0100                  __CODE_BASE = 0x100
                    0x7f00                  __CODE_LENGTH = 0x7f00
                    0x0004                  __IVT_BASE = 0x4
                    0x0084                  __AIVT_BASE = 0x84
                    0x0800                  __DATA_BASE = 0x800
                    0x0800                  __DATA_LENGTH = 0x800
                    0x0c00                  __YDATA_BASE = 0xc00

.reset            0x000000          0x4
                  0x000000          0x2 SHORT 0x100 ABSOLUTE (__reset)
                  0x000001          0x2 SHORT 0x4
                  0x000002          0x2 SHORT 0x0 ((ABSOLUTE (__reset) >> 0x10) & 0x7f)
                  0x000003          0x2 SHORT 0x0

.text             0x000100       0x1dfa
 *(.init)
 .init            0x000100         0x4c /Applications/microchip/xc16/v2.00/bin/bin/../../lib/libc99-pic30-elf.a(crt0_standard.o)
                  0x000100                  __reset
                  0x000100                  __resetPRI
                  0x00013c                  __psv_init
 .init            0x00014c         0x7c /Applications/microchip/xc16/v2.00/bin/bin/../../lib/libc99-pic30-elf.a(data_init_standard.o)
                  0x000152                  __data_init
                  0x000152                  __data_init_standard
 *(.user_init)
 *(.handle)
 *(.isr*)
 .isr.text        0x0001d4         0x44 build/default/production/main.o
                  0x0001d4                  __U2RXInterrupt
                  0x0001f6                  __U2TXInterrupt
 .isr             0x000218          0x4 default_isr
                  0x000218                  __DefaultInterrupt
 *(.libc)
 *(.libm)
 *(.libdsp)
 *(.lib*)
 .libpic30_crt_start_mode
                  0x00021c          0x2 /Applications/microchip/xc16/v2.00/bin/bin/../../lib/libc99-pic30-elf.a(crt_start_mode_normal.Meo)
                  0x00021c                  __crt_start_mode_normal
                  0x00021c                  __crt_start_mode
 .libm.gtsf2      0x00021e          0x4 /Applications/microchip/xc16/v2.00/bin/bin/../../lib/libc99-pic30-elf.a(fgtge.XX_o)
                  0x00021e                  ___gtsf2
                  0x00021e                  ___gesf2
 .libm.fixsfsi    0x000222         0x42 /Applications/microchip/xc16/v2.00/bin/bin/../../lib/libc99-pic30-elf.a(fixsfsi.XX_o)
                  0x000222                  _(float, int, long long, short, float, short, int)
 .libm.fixunssfsi
                  0x000264         0x36 /Applications/microchip/xc16/v2.00/bin/bin/../../lib/libc99-pic30-elf.a(fixunssfsi.XX_o)
                  0x000264                  ___fixunssfsi
 .libm.floatsisf
                  0x00029a          0x6 /Applications/microchip/xc16/v2.00/bin/bin/../../lib/libc99-pic30-elf.a(floatsisf.XX_o)
                  0x00029a                  ___floatsisf
 .libm.floatunsisf
                  0x0002a0          0x4 /Applications/microchip/xc16/v2.00/bin/bin/../../lib/libc99-pic30-elf.a(floatunsisf.XX_o)
                  0x0002a0                  ___floatunsisf
 .libm.funpack    0x0002a4         0x2a /Applications/microchip/xc16/v2.00/bin/bin/../../lib/libc99-pic30-elf.a(funpack.XX_o)
                  0x0002a4                  __funpack
 .libmx           0x0002ce        0x1dc /Applications/microchip/xc16/v2.00/bin/bin/../../lib/libc99-pic30-elf.a(addsf3x.XX_o)
                  0x0002ce                  ___subsf3
                  0x0002ce                  ___subsf3x
                  0x0002e0                  ___addsf3
                  0x0002e0                  ___addsf3x
 .libmx           0x0004aa        0x1be /Applications/microchip/xc16/v2.00/bin/bin/../../lib/libc99-pic30-elf.a(divsf3x.XX_o)
                  0x0004aa                  ___divsf3x
                  0x0004aa                  ___divsf3
                  0x00063c                  __sdivf
 .libmx           0x000668        0x10c /Applications/microchip/xc16/v2.00/bin/bin/../../lib/libc99-pic30-elf.a(mulsf3x.XX_o)
                  0x000668                  ___mulsf3
                  0x000668                  ___mulsf3x
 .libmx           0x000774         0x54 /Applications/microchip/xc16/v2.00/bin/bin/../../lib/libc99-pic30-elf.a(dnrmpackfx.XX_o)
                  0x000774                  __dnrmpackf
 .libmx           0x0007c8         0x5e /Applications/microchip/xc16/v2.00/bin/bin/../../lib/libc99-pic30-elf.a(unpackdnrmfx.XX_o)
                  0x0007c8                  __unpackdnrmf
 .libmx           0x000826         0x34 /Applications/microchip/xc16/v2.00/bin/bin/../../lib/libc99-pic30-elf.a(typefx.XX_o)
                  0x000826                  __typef
 .libmx           0x00085a         0x12 /Applications/microchip/xc16/v2.00/bin/bin/../../lib/libc99-pic30-elf.a(propnanfx.XX_o)
                  0x00085a                  __propnanf
 .libmx           0x00086c         0xa6 /Applications/microchip/xc16/v2.00/bin/bin/../../lib/libc99-pic30-elf.a(spackfx.XX_o)
                  0x00086c                  __spackf
 .libmx           0x000912         0x66 /Applications/microchip/xc16/v2.00/bin/bin/../../lib/libc99-pic30-elf.a(unpackfx.XX_o)
                  0x000912                  __unpackf
 .libm.fcompare
                  0x000978         0x36 /Applications/microchip/xc16/v2.00/bin/bin/../../lib/libc99-pic30-elf.a(fcompare.XX_o)
                  0x000978                  __fcompare
 .libm.floatdisf
                  0x0009ae         0x20 /Applications/microchip/xc16/v2.00/bin/bin/../../lib/libc99-pic30-elf.a(floatdisf.XX_o)
                  0x0009ae                  ___floatdisf
 .libm.floatundisf
                  0x0009ce         0x5e /Applications/microchip/xc16/v2.00/bin/bin/../../lib/libc99-pic30-elf.a(floatundisf.XX_o)
                  0x0009ce                  ___floatundisf
 .libm.fpack      0x000a2c         0x4c /Applications/microchip/xc16/v2.00/bin/bin/../../lib/libc99-pic30-elf.a(fpack.XX_o)
                  0x000a2c                  __fpack
 .libm.funpack2
                  0x000a78         0x10 /Applications/microchip/xc16/v2.00/bin/bin/../../lib/libc99-pic30-elf.a(funpack2.XX_o)
                  0x000a78                  __funpack2
 .libc.__wrap_sprintf
                  0x000a88          0xc /Applications/microchip/xc16/v2.00/bin/bin/../../lib/libc99-elf.a(__sio_sprintf_f.XX_o)
                  0x000a88                  __dsprintf_fFgG
                  0x000a88                  __sprintf_eEfFgG
                  0x000a88                  __dsprintf_eEfFgG
                  0x000a88                  __sprintf_fF
                  0x000a88                  __sprintf_eEfF
                  0x000a88                  __dsprintf_gG
                  0x000a88                  __dsprintf_eEgG
                  0x000a88                  __sprintf_gG
                  0x000a88                  __dsprintf_fF
                  0x000a88                  __dsprintf_eE
                  0x000a88                  __sprintf_fFgG
                  0x000a88                  __sprintf_eEgG
                  0x000a88                  __sprintf_eE
                  0x000a88                  __dsprintf_eEfF
 .libc.__sio_sprintf_f
                  0x000a94          0x2 /Applications/microchip/xc16/v2.00/bin/bin/../../lib/libc99-elf.a(__sio_sprintf_f.XX_o)
                  0x000a94                  ___sio_sprintf_f
 .libc.strcmp     0x000a96         0x16 /Applications/microchip/xc16/v2.00/bin/bin/../../lib/libc99-elf.a(strcmp.XX_o)
                  0x000a96                  _strcmp
 .libc.__simple_search_fl
                  0x000aac         0x70 /Applications/microchip/xc16/v2.00/bin/bin/../../lib/libc99-elf.a(lite_free.XX_o)
                  0x000aac                  ___simple_search_fl
 .libc.__simple_free
                  0x000b1c         0x36 /Applications/microchip/xc16/v2.00/bin/bin/../../lib/libc99-elf.a(lite_free.XX_o)
                  0x000b1c                  _free
                  0x000b1c                  ::_(float, long double,...)(...)(void)
                  0x000b1c                  ___simple_free
 .libc.__LONG_DOUBLE_BITS
                  0x000b52          0x2 /Applications/microchip/xc16/v2.00/bin/bin/../../lib/libc99-elf.a(__fmt_fp.XX_o)
 .libc.__fmt_fp
                  0x000b54        0x544 /Applications/microchip/xc16/v2.00/bin/bin/../../lib/libc99-elf.a(__fmt_fp.XX_o)
                  0x000b54                  ___fmt_fp
                  0x000b54                  ___fmt_f_needed
 .libc.__vsprintf
                  0x001098          0x8 /Applications/microchip/xc16/v2.00/bin/bin/../../lib/libc99-elf.a(__int_vsprintf.XX_o)
                  0x001098                  ___vsprintf
 .libc.__string_out
                  0x0010a0         0x28 /Applications/microchip/xc16/v2.00/bin/bin/../../lib/libc99-elf.a(__printf_core.XX_o)
                  0x0010a0                  ___out
 .libc.__pad      0x0010c8         0x74 /Applications/microchip/xc16/v2.00/bin/bin/../../lib/libc99-elf.a(__printf_core.XX_o)
                  0x0010c8                  ___pad
 .libc.__dummy_fmt3
                  0x00113c          0x2 /Applications/microchip/xc16/v2.00/bin/bin/../../lib/libc99-elf.a(__printf_core.XX_o)
                  0x00113c                  ___fmt_d
                  0x00113c                  ___fmt_u
                  0x00113c                  ___fmt_o
 .libc.__dummy_fmt4
                  0x00113e          0x2 /Applications/microchip/xc16/v2.00/bin/bin/../../lib/libc99-elf.a(__printf_core.XX_o)
                  0x00113e                  ___fmt_x
                  0x00113e                  ___fmt_a
 .libc.__dummy_fmts
                  0x001140          0x2 /Applications/microchip/xc16/v2.00/bin/bin/../../lib/libc99-elf.a(__printf_core.XX_o)
                  0x001140                  ___fmt_s
 .libc.__fmt_state
                  0x001142         0x2c /Applications/microchip/xc16/v2.00/bin/bin/../../lib/libc99-elf.a(__printf_core.XX_o)
                  0x001142                  ___fmt_state
 .libc.vfpfcnvrt.clone.0
                  0x00116e        0x2c0 /Applications/microchip/xc16/v2.00/bin/bin/../../lib/libc99-elf.a(__printf_core.XX_o)
 .libc.__printf_core
                  0x00142e         0x40 /Applications/microchip/xc16/v2.00/bin/bin/../../lib/libc99-elf.a(__printf_core.XX_o)
                  0x00142e                  ___printf_core
 .libc.memcpy     0x00146e          0xe /Applications/microchip/xc16/v2.00/bin/bin/../../lib/libc99-elf.a(memcpy.XX_o)
                  0x00146e                  _memcpy
 .libc.memset     0x00147c         0xc6 /Applications/microchip/xc16/v2.00/bin/bin/../../lib/libc99-elf.a(memset.XX_o)
                  0x00147c                  _memset
 .libc.strlen     0x001542         0x30 /Applications/microchip/xc16/v2.00/bin/bin/../../lib/libc99-elf.a(strlen.XX_o)
                  0x001542                  _strlen
 .libc.__vsnprintf
                  0x001572         0x4a /Applications/microchip/xc16/v2.00/bin/bin/../../lib/libc99-elf.a(__int_vsnprintf.XX_o)
                  0x001572                  ___vsnprintf
 .libc.__vfprintf
                  0x0015bc         0x1c /Applications/microchip/xc16/v2.00/bin/bin/../../lib/libc99-elf.a(__int_vfprintf.XX_o)
                  0x0015bc                  ___vfprintf
 .libc.__isspace
                  0x0015d8         0x14 /Applications/microchip/xc16/v2.00/bin/bin/../../lib/libc99-elf.a(atoi.XX_o)
 .libc.atoi       0x0015ec         0x4c /Applications/microchip/xc16/v2.00/bin/bin/../../lib/libc99-elf.a(atoi.XX_o)
                  0x0015ec                  _atoi
 .libc.strcpy     0x001638          0xe /Applications/microchip/xc16/v2.00/bin/bin/../../lib/libc99-elf.a(strcpy.XX_o)
                  0x001638                  _strcpy
 .libc.tolower    0x001646          0xc /Applications/microchip/xc16/v2.00/bin/bin/../../lib/libc99-elf.a(tolower.XX_o)
                  0x001646                  _tolower
 .libc.__tolower_l
                  0x001652          0x2 /Applications/microchip/xc16/v2.00/bin/bin/../../lib/libc99-elf.a(tolower.XX_o)
                  0x001652                  _tolower_l
                  0x001652                  ___tolower_l
 .libc.__pop_float
                  0x001654         0x3e /Applications/microchip/xc16/v2.00/bin/bin/../../lib/libc99-elf.a(__pop_float.XX_lo)
                  0x001654                  ___pop_float_needed
                  0x001654                  ___pop_float
 .libc.__pop_int
                  0x001692         0xb2 /Applications/microchip/xc16/v2.00/bin/bin/../../lib/libc99-elf.a(__pop_int.XX_lo)
                  0x001692                  ___pop_int_needed
                  0x001692                  ___pop_int
 .libc.__pop_ptr
                  0x001744         0x74 /Applications/microchip/xc16/v2.00/bin/bin/../../lib/libc99-elf.a(__pop_ptr.XX_lo)
                  0x001744                  ___pop_ptr
                  0x001744                  ___pop_ptr_needed
 .libc.__stpcpy
                  0x0017b8         0x40 /Applications/microchip/xc16/v2.00/bin/bin/../../lib/libc99-elf.a(stpcpy.XX_o)
                  0x0017b8                  _stpcpy
                  0x0017b8                  ___stpcpy
 .libm.eqdf2      0x0017f8          0xa /Applications/microchip/xc16/v2.00/bin/bin/../../lib/libc99-pic30-elf.a(deqltle.XX_o)
                  0x0017f8                  ___ledf2
                  0x0017f8                  ___eqdf2
                  0x0017f8                  ___ltdf2
 .libm.extendsfdf2
                  0x001802         0x3e /Applications/microchip/xc16/v2.00/bin/bin/../../lib/libc99-pic30-elf.a(extendsfdf.XX_o)
                  0x001802                  ___extendsfdf2
 .libm.fixdfsi    0x001840         0x58 /Applications/microchip/xc16/v2.00/bin/bin/../../lib/libc99-pic30-elf.a(fixdfsi.XX_o)
                  0x001840                  _(float, int, long long, double, float, short, int)
 .libm.mulsi3     0x001898          0xc /Applications/microchip/xc16/v2.00/bin/bin/../../lib/libc99-pic30-elf.a(mulsi3.XX_o)
                  0x001898                  ___mulp32eds3
                  0x001898                  ___mulp32peds3
                  0x001898                  ___mulsi3
 .lib_dpfops      0x0018a4         0xa2 /Applications/microchip/xc16/v2.00/bin/bin/../../lib/libc99-pic30-elf.a(dpadd.XX_o)
                  0x0018a4                  ___subdf3
                  0x0018b0                  ___adddf3
 .lib_dpfops      0x001946        0x15e /Applications/microchip/xc16/v2.00/bin/bin/../../lib/libc99-pic30-elf.a(dpdiv.XX_o)
                  0x001946                  ___divdf3
 .lib_dpfops      0x001aa4        0x11a /Applications/microchip/xc16/v2.00/bin/bin/../../lib/libc99-pic30-elf.a(dpmul.XX_o)
                  0x001aa4                  ___muldf3
 .lib_dpfops      0x001bbe        0x128 /Applications/microchip/xc16/v2.00/bin/bin/../../lib/libc99-pic30-elf.a(dpsubs.XX_o)
                  0x001bd8                  __dxchg
                  0x001be6                  __drshft
                  0x001c40                  __dupchk
                  0x001ca2                  __drndex
                  0x001cac                  __dnsrnd
                  0x001cd8                  __dpakex
 .libm.dcompare
                  0x001ce6         0x52 /Applications/microchip/xc16/v2.00/bin/bin/../../lib/libc99-pic30-elf.a(dcompare.XX_o)
                  0x001ce6                  __dcompare
 .libm.dtype      0x001d38         0x24 /Applications/microchip/xc16/v2.00/bin/bin/../../lib/libc99-pic30-elf.a(dtype.XX_o)
                  0x001d38                  __dtype
 .libm.dunpack    0x001d5c         0x4e /Applications/microchip/xc16/v2.00/bin/bin/../../lib/libc99-pic30-elf.a(dunpack.XX_o)
                  0x001d5c                  __dunpack
 .libm.dunpack2
                  0x001daa         0x32 /Applications/microchip/xc16/v2.00/bin/bin/../../lib/libc99-pic30-elf.a(dunpack2.XX_o)
                  0x001daa                  __dunpack2
                  0x001dcc                  __dreturnNaN
                  0x001dd2                  __dunpack2exit
 .libm.dPropagateNaN
                  0x001ddc         0x1c /Applications/microchip/xc16/v2.00/bin/bin/../../lib/libc99-pic30-elf.a(dpropagateNaN.XX_o)
                  0x001ddc                  __dPropagateNaN
 .libc.floorl     0x001df8         0xf8 /Applications/microchip/xc16/v2.00/bin/bin/../../lib/libm-elf.a(floorl.XX_o)
                  0x001df8                  _floorl
 .libm.gtdf2      0x001ef0          0xa /Applications/microchip/xc16/v2.00/bin/bin/../../lib/libc99-pic30-elf.a(dgtge.XX_o)
                  0x001ef0                  ___gedf2
                  0x001ef0                  ___gtdf2

usercode
 *(usercode)

__FUID0
 *(__FUID0.sec*)

__FUID1
 *(__FUID1.sec*)

__FUID2
 *(__FUID2.sec*)

__FUID3
 *(__FUID3.sec*)

__FOSC
 *(__FOSC.sec*)

__FWDT
 *(__FWDT.sec*)

__FBORPOR
 *(__FBORPOR.sec*)

__RESERVED1
 *(__RESERVED1.sec*)

__RESERVED2
 *(__RESERVED2.sec*)

__FGS             0xf8000a          0x2
 *(__FGS.sec*)
 __FGS.sec        0xf8000a          0x2 /CW/_FGSXŒn
                  0xf8000a                  __FGS.sec

__FICD
 *(__FICD.sec*)

user_eedata
 *(user_eedata)

userdata
 *(userdata)

.comment
 *(.comment)

.debug_info       0x000000       0x48cb
 *(.debug_info)
 .debug_info      0x000000       0x1857 build/default/production/main.o
 .debug_info      0x001857        0xd18 build/default/production/my_timer_lib.o
 .debug_info      0x00256f        0xa49 build/default/production/my_print_lib.o
 .debug_info      0x002fb8        0x325 build/default/production/my_circular_buffer_lib.o
 .debug_info      0x0032dd        0x216 build/default/production/parser.o
 .debug_info      0x0034f3         0x8b /Applications/microchip/xc16/v2.00/bin/bin/../../lib/libc99-pic30-elf.a(fgtge.XX_o)
 .debug_info      0x00357e         0x8d /Applications/microchip/xc16/v2.00/bin/bin/../../lib/libc99-pic30-elf.a(fixsfsi.XX_o)
 .debug_info      0x00360b         0x90 /Applications/microchip/xc16/v2.00/bin/bin/../../lib/libc99-pic30-elf.a(fixunssfsi.XX_o)
 .debug_info      0x00369b         0x8f /Applications/microchip/xc16/v2.00/bin/bin/../../lib/libc99-pic30-elf.a(floatsisf.XX_o)
 .debug_info      0x00372a         0x91 /Applications/microchip/xc16/v2.00/bin/bin/../../lib/libc99-pic30-elf.a(floatunsisf.XX_o)
 .debug_info      0x0037bb         0x8d /Applications/microchip/xc16/v2.00/bin/bin/../../lib/libc99-pic30-elf.a(funpack.XX_o)
 .debug_info      0x003848         0x9d /Applications/microchip/xc16/v2.00/bin/bin/../../lib/libc99-pic30-elf.a(addsf3x.XX_o)
 .debug_info      0x0038e5         0x9d /Applications/microchip/xc16/v2.00/bin/bin/../../lib/libc99-pic30-elf.a(divsf3x.XX_o)
 .debug_info      0x003982         0x9d /Applications/microchip/xc16/v2.00/bin/bin/../../lib/libc99-pic30-elf.a(mulsf3x.XX_o)
 .debug_info      0x003a1f         0xa0 /Applications/microchip/xc16/v2.00/bin/bin/../../lib/libc99-pic30-elf.a(dnrmpackfx.XX_o)
 .debug_info      0x003abf         0xa2 /Applications/microchip/xc16/v2.00/bin/bin/../../lib/libc99-pic30-elf.a(unpackdnrmfx.XX_o)
 .debug_info      0x003b61         0x9c /Applications/microchip/xc16/v2.00/bin/bin/../../lib/libc99-pic30-elf.a(typefx.XX_o)
 .debug_info      0x003bfd         0x9f /Applications/microchip/xc16/v2.00/bin/bin/../../lib/libc99-pic30-elf.a(propnanfx.XX_o)
 .debug_info      0x003c9c         0x9d /Applications/microchip/xc16/v2.00/bin/bin/../../lib/libc99-pic30-elf.a(spackfx.XX_o)
 .debug_info      0x003d39         0x9e /Applications/microchip/xc16/v2.00/bin/bin/../../lib/libc99-pic30-elf.a(unpackfx.XX_o)
 .debug_info      0x003dd7         0x8e /Applications/microchip/xc16/v2.00/bin/bin/../../lib/libc99-pic30-elf.a(fcompare.XX_o)
 .debug_info      0x003e65         0x8f /Applications/microchip/xc16/v2.00/bin/bin/../../lib/libc99-pic30-elf.a(floatdisf.XX_o)
 .debug_info      0x003ef4         0x91 /Applications/microchip/xc16/v2.00/bin/bin/../../lib/libc99-pic30-elf.a(floatundisf.XX_o)
 .debug_info      0x003f85         0x8b /Applications/microchip/xc16/v2.00/bin/bin/../../lib/libc99-pic30-elf.a(fpack.XX_o)
 .debug_info      0x004010         0x8e /Applications/microchip/xc16/v2.00/bin/bin/../../lib/libc99-pic30-elf.a(funpack2.XX_o)
 .debug_info      0x00409e         0x8d /Applications/microchip/xc16/v2.00/bin/bin/../../lib/libc99-pic30-elf.a(deqltle.XX_o)
 .debug_info      0x00412b         0x90 /Applications/microchip/xc16/v2.00/bin/bin/../../lib/libc99-pic30-elf.a(extendsfdf.XX_o)
 .debug_info      0x0041bb         0x8d /Applications/microchip/xc16/v2.00/bin/bin/../../lib/libc99-pic30-elf.a(fixdfsi.XX_o)
 .debug_info      0x004248         0x8c /Applications/microchip/xc16/v2.00/bin/bin/../../lib/libc99-pic30-elf.a(mulsi3.XX_o)
 .debug_info      0x0042d4         0xa9 /Applications/microchip/xc16/v2.00/bin/bin/../../lib/libc99-pic30-elf.a(dpadd.XX_o)
 .debug_info      0x00437d         0xa9 /Applications/microchip/xc16/v2.00/bin/bin/../../lib/libc99-pic30-elf.a(dpdiv.XX_o)
 .debug_info      0x004426         0xa9 /Applications/microchip/xc16/v2.00/bin/bin/../../lib/libc99-pic30-elf.a(dpmul.XX_o)
 .debug_info      0x0044cf         0xaa /Applications/microchip/xc16/v2.00/bin/bin/../../lib/libc99-pic30-elf.a(dpsubs.XX_o)
 .debug_info      0x004579         0x8e /Applications/microchip/xc16/v2.00/bin/bin/../../lib/libc99-pic30-elf.a(dcompare.XX_o)
 .debug_info      0x004607         0x8b /Applications/microchip/xc16/v2.00/bin/bin/../../lib/libc99-pic30-elf.a(dtype.XX_o)
 .debug_info      0x004692         0x8d /Applications/microchip/xc16/v2.00/bin/bin/../../lib/libc99-pic30-elf.a(dunpack.XX_o)
 .debug_info      0x00471f         0x8e /Applications/microchip/xc16/v2.00/bin/bin/../../lib/libc99-pic30-elf.a(dunpack2.XX_o)
 .debug_info      0x0047ad         0x93 /Applications/microchip/xc16/v2.00/bin/bin/../../lib/libc99-pic30-elf.a(dpropagateNaN.XX_o)
 .debug_info      0x004840         0x8b /Applications/microchip/xc16/v2.00/bin/bin/../../lib/libc99-pic30-elf.a(dgtge.XX_o)
 *(.gnu.linkonce.wi.*)

.debug_abbrev     0x000000        0x936
 *(.debug_abbrev)
 .debug_abbrev    0x000000        0x22b build/default/production/main.o
 .debug_abbrev    0x00022b        0x16b build/default/production/my_timer_lib.o
 .debug_abbrev    0x000396        0x175 build/default/production/my_print_lib.o
 .debug_abbrev    0x00050b         0xd5 build/default/production/my_circular_buffer_lib.o
 .debug_abbrev    0x0005e0         0xae build/default/production/parser.o
 .debug_abbrev    0x00068e         0x14 /Applications/microchip/xc16/v2.00/bin/bin/../../lib/libc99-pic30-elf.a(fgtge.XX_o)
 .debug_abbrev    0x0006a2         0x14 /Applications/microchip/xc16/v2.00/bin/bin/../../lib/libc99-pic30-elf.a(fixsfsi.XX_o)
 .debug_abbrev    0x0006b6         0x14 /Applications/microchip/xc16/v2.00/bin/bin/../../lib/libc99-pic30-elf.a(fixunssfsi.XX_o)
 .debug_abbrev    0x0006ca         0x14 /Applications/microchip/xc16/v2.00/bin/bin/../../lib/libc99-pic30-elf.a(floatsisf.XX_o)
 .debug_abbrev    0x0006de         0x14 /Applications/microchip/xc16/v2.00/bin/bin/../../lib/libc99-pic30-elf.a(floatunsisf.XX_o)
 .debug_abbrev    0x0006f2         0x14 /Applications/microchip/xc16/v2.00/bin/bin/../../lib/libc99-pic30-elf.a(funpack.XX_o)
 .debug_abbrev    0x000706         0x14 /Applications/microchip/xc16/v2.00/bin/bin/../../lib/libc99-pic30-elf.a(addsf3x.XX_o)
 .debug_abbrev    0x00071a         0x14 /Applications/microchip/xc16/v2.00/bin/bin/../../lib/libc99-pic30-elf.a(divsf3x.XX_o)
 .debug_abbrev    0x00072e         0x14 /Applications/microchip/xc16/v2.00/bin/bin/../../lib/libc99-pic30-elf.a(mulsf3x.XX_o)
 .debug_abbrev    0x000742         0x14 /Applications/microchip/xc16/v2.00/bin/bin/../../lib/libc99-pic30-elf.a(dnrmpackfx.XX_o)
 .debug_abbrev    0x000756         0x14 /Applications/microchip/xc16/v2.00/bin/bin/../../lib/libc99-pic30-elf.a(unpackdnrmfx.XX_o)
 .debug_abbrev    0x00076a         0x14 /Applications/microchip/xc16/v2.00/bin/bin/../../lib/libc99-pic30-elf.a(typefx.XX_o)
 .debug_abbrev    0x00077e         0x14 /Applications/microchip/xc16/v2.00/bin/bin/../../lib/libc99-pic30-elf.a(propnanfx.XX_o)
 .debug_abbrev    0x000792         0x14 /Applications/microchip/xc16/v2.00/bin/bin/../../lib/libc99-pic30-elf.a(spackfx.XX_o)
 .debug_abbrev    0x0007a6         0x14 /Applications/microchip/xc16/v2.00/bin/bin/../../lib/libc99-pic30-elf.a(unpackfx.XX_o)
 .debug_abbrev    0x0007ba         0x14 /Applications/microchip/xc16/v2.00/bin/bin/../../lib/libc99-pic30-elf.a(fcompare.XX_o)
 .debug_abbrev    0x0007ce         0x14 /Applications/microchip/xc16/v2.00/bin/bin/../../lib/libc99-pic30-elf.a(floatdisf.XX_o)
 .debug_abbrev    0x0007e2         0x14 /Applications/microchip/xc16/v2.00/bin/bin/../../lib/libc99-pic30-elf.a(floatundisf.XX_o)
 .debug_abbrev    0x0007f6         0x14 /Applications/microchip/xc16/v2.00/bin/bin/../../lib/libc99-pic30-elf.a(fpack.XX_o)
 .debug_abbrev    0x00080a         0x14 /Applications/microchip/xc16/v2.00/bin/bin/../../lib/libc99-pic30-elf.a(funpack2.XX_o)
 .debug_abbrev    0x00081e         0x14 /Applications/microchip/xc16/v2.00/bin/bin/../../lib/libc99-pic30-elf.a(deqltle.XX_o)
 .debug_abbrev    0x000832         0x14 /Applications/microchip/xc16/v2.00/bin/bin/../../lib/libc99-pic30-elf.a(extendsfdf.XX_o)
 .debug_abbrev    0x000846         0x14 /Applications/microchip/xc16/v2.00/bin/bin/../../lib/libc99-pic30-elf.a(fixdfsi.XX_o)
 .debug_abbrev    0x00085a         0x14 /Applications/microchip/xc16/v2.00/bin/bin/../../lib/libc99-pic30-elf.a(mulsi3.XX_o)
 .debug_abbrev    0x00086e         0x14 /Applications/microchip/xc16/v2.00/bin/bin/../../lib/libc99-pic30-elf.a(dpadd.XX_o)
 .debug_abbrev    0x000882         0x14 /Applications/microchip/xc16/v2.00/bin/bin/../../lib/libc99-pic30-elf.a(dpdiv.XX_o)
 .debug_abbrev    0x000896         0x14 /Applications/microchip/xc16/v2.00/bin/bin/../../lib/libc99-pic30-elf.a(dpmul.XX_o)
 .debug_abbrev    0x0008aa         0x14 /Applications/microchip/xc16/v2.00/bin/bin/../../lib/libc99-pic30-elf.a(dpsubs.XX_o)
 .debug_abbrev    0x0008be         0x14 /Applications/microchip/xc16/v2.00/bin/bin/../../lib/libc99-pic30-elf.a(dcompare.XX_o)
 .debug_abbrev    0x0008d2         0x14 /Applications/microchip/xc16/v2.00/bin/bin/../../lib/libc99-pic30-elf.a(dtype.XX_o)
 .debug_abbrev    0x0008e6         0x14 /Applications/microchip/xc16/v2.00/bin/bin/../../lib/libc99-pic30-elf.a(dunpack.XX_o)
 .debug_abbrev    0x0008fa         0x14 /Applications/microchip/xc16/v2.00/bin/bin/../../lib/libc99-pic30-elf.a(dunpack2.XX_o)
 .debug_abbrev    0x00090e         0x14 /Applications/microchip/xc16/v2.00/bin/bin/../../lib/libc99-pic30-elf.a(dpropagateNaN.XX_o)
 .debug_abbrev    0x000922         0x14 /Applications/microchip/xc16/v2.00/bin/bin/../../lib/libc99-pic30-elf.a(dgtge.XX_o)

.debug_line       0x000000       0x1558
 *(.debug_line)
 .debug_line      0x000000        0x1cf build/default/production/main.o
 .debug_line      0x0001cf        0x194 build/default/production/my_timer_lib.o
 .debug_line      0x000363        0x148 build/default/production/my_print_lib.o
 .debug_line      0x0004ab         0x85 build/default/production/my_circular_buffer_lib.o
 .debug_line      0x000530         0x97 build/default/production/parser.o
 .debug_line      0x0005c7         0x35 /Applications/microchip/xc16/v2.00/bin/bin/../../lib/libc99-pic30-elf.a(fgtge.XX_o)
 .debug_line      0x0005fc         0x56 /Applications/microchip/xc16/v2.00/bin/bin/../../lib/libc99-pic30-elf.a(fixsfsi.XX_o)
 .debug_line      0x000652         0x53 /Applications/microchip/xc16/v2.00/bin/bin/../../lib/libc99-pic30-elf.a(fixunssfsi.XX_o)
 .debug_line      0x0006a5         0x3a /Applications/microchip/xc16/v2.00/bin/bin/../../lib/libc99-pic30-elf.a(floatsisf.XX_o)
 .debug_line      0x0006df         0x3b /Applications/microchip/xc16/v2.00/bin/bin/../../lib/libc99-pic30-elf.a(floatunsisf.XX_o)
 .debug_line      0x00071a         0x4a /Applications/microchip/xc16/v2.00/bin/bin/../../lib/libc99-pic30-elf.a(funpack.XX_o)
 .debug_line      0x000764        0x136 /Applications/microchip/xc16/v2.00/bin/bin/../../lib/libc99-pic30-elf.a(addsf3x.XX_o)
 .debug_line      0x00089a        0x124 /Applications/microchip/xc16/v2.00/bin/bin/../../lib/libc99-pic30-elf.a(divsf3x.XX_o)
 .debug_line      0x0009be         0xcc /Applications/microchip/xc16/v2.00/bin/bin/../../lib/libc99-pic30-elf.a(mulsf3x.XX_o)
 .debug_line      0x000a8a         0x72 /Applications/microchip/xc16/v2.00/bin/bin/../../lib/libc99-pic30-elf.a(dnrmpackfx.XX_o)
 .debug_line      0x000afc         0x7a /Applications/microchip/xc16/v2.00/bin/bin/../../lib/libc99-pic30-elf.a(unpackdnrmfx.XX_o)
 .debug_line      0x000b76         0x5e /Applications/microchip/xc16/v2.00/bin/bin/../../lib/libc99-pic30-elf.a(typefx.XX_o)
 .debug_line      0x000bd4         0x51 /Applications/microchip/xc16/v2.00/bin/bin/../../lib/libc99-pic30-elf.a(propnanfx.XX_o)
 .debug_line      0x000c25         0x98 /Applications/microchip/xc16/v2.00/bin/bin/../../lib/libc99-pic30-elf.a(spackfx.XX_o)
 .debug_line      0x000cbd         0x79 /Applications/microchip/xc16/v2.00/bin/bin/../../lib/libc99-pic30-elf.a(unpackfx.XX_o)
 .debug_line      0x000d36         0x1a /Applications/microchip/xc16/v2.00/bin/bin/../../lib/libc99-pic30-elf.a(errno.XX_o)
 .debug_line      0x000d50         0x53 /Applications/microchip/xc16/v2.00/bin/bin/../../lib/libc99-pic30-elf.a(fcompare.XX_o)
 .debug_line      0x000da3         0x47 /Applications/microchip/xc16/v2.00/bin/bin/../../lib/libc99-pic30-elf.a(floatdisf.XX_o)
 .debug_line      0x000dea         0x6c /Applications/microchip/xc16/v2.00/bin/bin/../../lib/libc99-pic30-elf.a(floatundisf.XX_o)
 .debug_line      0x000e56         0x5a /Applications/microchip/xc16/v2.00/bin/bin/../../lib/libc99-pic30-elf.a(fpack.XX_o)
 .debug_line      0x000eb0         0x3e /Applications/microchip/xc16/v2.00/bin/bin/../../lib/libc99-pic30-elf.a(funpack2.XX_o)
 .debug_line      0x000eee         0x3a /Applications/microchip/xc16/v2.00/bin/bin/../../lib/libc99-pic30-elf.a(deqltle.XX_o)
 .debug_line      0x000f28         0x59 /Applications/microchip/xc16/v2.00/bin/bin/../../lib/libc99-pic30-elf.a(extendsfdf.XX_o)
 .debug_line      0x000f81         0x61 /Applications/microchip/xc16/v2.00/bin/bin/../../lib/libc99-pic30-elf.a(fixdfsi.XX_o)
 .debug_line      0x000fe2         0x3a /Applications/microchip/xc16/v2.00/bin/bin/../../lib/libc99-pic30-elf.a(mulsi3.XX_o)
 .debug_line      0x00101c         0xa2 /Applications/microchip/xc16/v2.00/bin/bin/../../lib/libc99-pic30-elf.a(dpadd.XX_o)
 .debug_line      0x0010be        0x100 /Applications/microchip/xc16/v2.00/bin/bin/../../lib/libc99-pic30-elf.a(dpdiv.XX_o)
 .debug_line      0x0011be         0xde /Applications/microchip/xc16/v2.00/bin/bin/../../lib/libc99-pic30-elf.a(dpmul.XX_o)
 .debug_line      0x00129c         0xe8 /Applications/microchip/xc16/v2.00/bin/bin/../../lib/libc99-pic30-elf.a(dpsubs.XX_o)
 .debug_line      0x001384         0x5f /Applications/microchip/xc16/v2.00/bin/bin/../../lib/libc99-pic30-elf.a(dcompare.XX_o)
 .debug_line      0x0013e3         0x45 /Applications/microchip/xc16/v2.00/bin/bin/../../lib/libc99-pic30-elf.a(dtype.XX_o)
 .debug_line      0x001428         0x5c /Applications/microchip/xc16/v2.00/bin/bin/../../lib/libc99-pic30-elf.a(dunpack.XX_o)
 .debug_line      0x001484         0x53 /Applications/microchip/xc16/v2.00/bin/bin/../../lib/libc99-pic30-elf.a(dunpack2.XX_o)
 .debug_line      0x0014d7         0x49 /Applications/microchip/xc16/v2.00/bin/bin/../../lib/libc99-pic30-elf.a(dpropagateNaN.XX_o)
 .debug_line      0x001520         0x38 /Applications/microchip/xc16/v2.00/bin/bin/../../lib/libc99-pic30-elf.a(dgtge.XX_o)

.debug_frame      0x000000        0x3c2
 *(.debug_frame)
 .debug_frame     0x000000        0x1c2 build/default/production/main.o
 .debug_frame     0x0001c2         0xb0 build/default/production/my_timer_lib.o
 .debug_frame     0x000272         0xa6 build/default/production/my_print_lib.o
 .debug_frame     0x000318         0x76 build/default/production/my_circular_buffer_lib.o
 .debug_frame     0x00038e         0x34 build/default/production/parser.o

.debug_str        0x000000        0x174
 *(.debug_str)
 .debug_str       0x000000         0xb6 build/default/production/main.o
 .debug_str       0x0000b6         0x77 build/default/production/my_timer_lib.o
 .debug_str       0x00012d         0x37 build/default/production/my_print_lib.o
 .debug_str       0x000164         0x10 build/default/production/my_circular_buffer_lib.o

.debug_loc
 *(.debug_loc)

.debug_macinfo
 *(.debug_macinfo)

.debug_pubnames
                  0x000000        0x2db
 *(.debug_pubnames)
 .debug_pubnames
                  0x000000        0x129 build/default/production/main.o
 .debug_pubnames
                  0x000129         0x96 build/default/production/my_timer_lib.o
 .debug_pubnames
                  0x0001bf         0x83 build/default/production/my_print_lib.o
 .debug_pubnames
                  0x000242         0x64 build/default/production/my_circular_buffer_lib.o
 .debug_pubnames
                  0x0002a6         0x35 build/default/production/parser.o

.debug_ranges
 *(.debug_ranges)

.debug_aranges    0x000000        0x3a8
 *(.debug_aranges)
 .debug_aranges
                  0x000000         0x18 build/default/production/main.o
 .debug_aranges
                  0x000018         0x18 build/default/production/my_timer_lib.o
 .debug_aranges
                  0x000030         0x18 build/default/production/my_print_lib.o
 .debug_aranges
                  0x000048         0x18 build/default/production/my_circular_buffer_lib.o
 .debug_aranges
                  0x000060         0x18 build/default/production/parser.o
 .debug_aranges
                  0x000078         0x18 /Applications/microchip/xc16/v2.00/bin/bin/../../lib/libc99-pic30-elf.a(fgtge.XX_o)
 .debug_aranges
                  0x000090         0x18 /Applications/microchip/xc16/v2.00/bin/bin/../../lib/libc99-pic30-elf.a(fixsfsi.XX_o)
 .debug_aranges
                  0x0000a8         0x18 /Applications/microchip/xc16/v2.00/bin/bin/../../lib/libc99-pic30-elf.a(fixunssfsi.XX_o)
 .debug_aranges
                  0x0000c0         0x18 /Applications/microchip/xc16/v2.00/bin/bin/../../lib/libc99-pic30-elf.a(floatsisf.XX_o)
 .debug_aranges
                  0x0000d8         0x18 /Applications/microchip/xc16/v2.00/bin/bin/../../lib/libc99-pic30-elf.a(floatunsisf.XX_o)
 .debug_aranges
                  0x0000f0         0x18 /Applications/microchip/xc16/v2.00/bin/bin/../../lib/libc99-pic30-elf.a(funpack.XX_o)
 .debug_aranges
                  0x000108         0x18 /Applications/microchip/xc16/v2.00/bin/bin/../../lib/libc99-pic30-elf.a(addsf3x.XX_o)
 .debug_aranges
                  0x000120         0x18 /Applications/microchip/xc16/v2.00/bin/bin/../../lib/libc99-pic30-elf.a(divsf3x.XX_o)
 .debug_aranges
                  0x000138         0x18 /Applications/microchip/xc16/v2.00/bin/bin/../../lib/libc99-pic30-elf.a(mulsf3x.XX_o)
 .debug_aranges
                  0x000150         0x18 /Applications/microchip/xc16/v2.00/bin/bin/../../lib/libc99-pic30-elf.a(dnrmpackfx.XX_o)
 .debug_aranges
                  0x000168         0x18 /Applications/microchip/xc16/v2.00/bin/bin/../../lib/libc99-pic30-elf.a(unpackdnrmfx.XX_o)
 .debug_aranges
                  0x000180         0x18 /Applications/microchip/xc16/v2.00/bin/bin/../../lib/libc99-pic30-elf.a(typefx.XX_o)
 .debug_aranges
                  0x000198         0x18 /Applications/microchip/xc16/v2.00/bin/bin/../../lib/libc99-pic30-elf.a(propnanfx.XX_o)
 .debug_aranges
                  0x0001b0         0x18 /Applications/microchip/xc16/v2.00/bin/bin/../../lib/libc99-pic30-elf.a(spackfx.XX_o)
 .debug_aranges
                  0x0001c8         0x18 /Applications/microchip/xc16/v2.00/bin/bin/../../lib/libc99-pic30-elf.a(unpackfx.XX_o)
 .debug_aranges
                  0x0001e0         0x18 /Applications/microchip/xc16/v2.00/bin/bin/../../lib/libc99-pic30-elf.a(fcompare.XX_o)
 .debug_aranges
                  0x0001f8         0x18 /Applications/microchip/xc16/v2.00/bin/bin/../../lib/libc99-pic30-elf.a(floatdisf.XX_o)
 .debug_aranges
                  0x000210         0x18 /Applications/microchip/xc16/v2.00/bin/bin/../../lib/libc99-pic30-elf.a(floatundisf.XX_o)
 .debug_aranges
                  0x000228         0x18 /Applications/microchip/xc16/v2.00/bin/bin/../../lib/libc99-pic30-elf.a(fpack.XX_o)
 .debug_aranges
                  0x000240         0x18 /Applications/microchip/xc16/v2.00/bin/bin/../../lib/libc99-pic30-elf.a(funpack2.XX_o)
 .debug_aranges
                  0x000258         0x18 /Applications/microchip/xc16/v2.00/bin/bin/../../lib/libc99-pic30-elf.a(deqltle.XX_o)
 .debug_aranges
                  0x000270         0x18 /Applications/microchip/xc16/v2.00/bin/bin/../../lib/libc99-pic30-elf.a(extendsfdf.XX_o)
 .debug_aranges
                  0x000288         0x18 /Applications/microchip/xc16/v2.00/bin/bin/../../lib/libc99-pic30-elf.a(fixdfsi.XX_o)
 .debug_aranges
                  0x0002a0         0x18 /Applications/microchip/xc16/v2.00/bin/bin/../../lib/libc99-pic30-elf.a(mulsi3.XX_o)
 .debug_aranges
                  0x0002b8         0x18 /Applications/microchip/xc16/v2.00/bin/bin/../../lib/libc99-pic30-elf.a(dpadd.XX_o)
 .debug_aranges
                  0x0002d0         0x18 /Applications/microchip/xc16/v2.00/bin/bin/../../lib/libc99-pic30-elf.a(dpdiv.XX_o)
 .debug_aranges
                  0x0002e8         0x18 /Applications/microchip/xc16/v2.00/bin/bin/../../lib/libc99-pic30-elf.a(dpmul.XX_o)
 .debug_aranges
                  0x000300         0x18 /Applications/microchip/xc16/v2.00/bin/bin/../../lib/libc99-pic30-elf.a(dpsubs.XX_o)
 .debug_aranges
                  0x000318         0x18 /Applications/microchip/xc16/v2.00/bin/bin/../../lib/libc99-pic30-elf.a(dcompare.XX_o)
 .debug_aranges
                  0x000330         0x18 /Applications/microchip/xc16/v2.00/bin/bin/../../lib/libc99-pic30-elf.a(dtype.XX_o)
 .debug_aranges
                  0x000348         0x18 /Applications/microchip/xc16/v2.00/bin/bin/../../lib/libc99-pic30-elf.a(dunpack.XX_o)
 .debug_aranges
                  0x000360         0x18 /Applications/microchip/xc16/v2.00/bin/bin/../../lib/libc99-pic30-elf.a(dunpack2.XX_o)
 .debug_aranges
                  0x000378         0x18 /Applications/microchip/xc16/v2.00/bin/bin/../../lib/libc99-pic30-elf.a(dpropagateNaN.XX_o)
 .debug_aranges
                  0x000390         0x18 /Applications/microchip/xc16/v2.00/bin/bin/../../lib/libc99-pic30-elf.a(dgtge.XX_o)
                    0x0000                  WREG0 = 0x0
                    0x0000                  _WREG0 = 0x0
                    0x0002                  WREG1 = 0x2
                    0x0002                  _WREG1 = 0x2
                    0x0004                  WREG2 = 0x4
                    0x0004                  _WREG2 = 0x4
                    0x0006                  WREG3 = 0x6
                    0x0006                  _WREG3 = 0x6
                    0x0008                  WREG4 = 0x8
                    0x0008                  _WREG4 = 0x8
                    0x000a                  WREG5 = 0xa
                    0x000a                  _WREG5 = 0xa
                    0x000c                  WREG6 = 0xc
                    0x000c                  _WREG6 = 0xc
                    0x000e                  WREG7 = 0xe
                    0x000e                  _WREG7 = 0xe
                    0x0010                  WREG8 = 0x10
                    0x0010                  _WREG8 = 0x10
                    0x0012                  WREG9 = 0x12
                    0x0012                  _WREG9 = 0x12
                    0x0014                  WREG10 = 0x14
                    0x0014                  _WREG10 = 0x14
                    0x0016                  WREG11 = 0x16
                    0x0016                  _WREG11 = 0x16
                    0x0018                  WREG12 = 0x18
                    0x0018                  _WREG12 = 0x18
                    0x001a                  WREG13 = 0x1a
                    0x001a                  _WREG13 = 0x1a
                    0x001c                  WREG14 = 0x1c
                    0x001c                  _WREG14 = 0x1c
                    0x001e                  WREG15 = 0x1e
                    0x001e                  _WREG15 = 0x1e
                    0x0020                  SPLIM = 0x20
                    0x0020                  _SPLIM = 0x20
                    0x0022                  ACCAL = 0x22
                    0x0022                  _ACCAL = 0x22
                    0x0024                  ACCAH = 0x24
                    0x0024                  _ACCAH = 0x24
                    0x0026                  ACCAU = 0x26
                    0x0026                  _ACCAU = 0x26
                    0x0028                  ACCBL = 0x28
                    0x0028                  _ACCBL = 0x28
                    0x002a                  ACCBH = 0x2a
                    0x002a                  _ACCBH = 0x2a
                    0x002c                  ACCBU = 0x2c
                    0x002c                  _ACCBU = 0x2c
                    0x002e                  PCL = 0x2e
                    0x002e                  _PCL = 0x2e
                    0x0030                  PCH = 0x30
                    0x0030                  _PCH = 0x30
                    0x0032                  TBLPAG = 0x32
                    0x0032                  _TBLPAG = 0x32
                    0x0034                  PSVPAG = 0x34
                    0x0034                  _PSVPAG = 0x34
                    0x0036                  RCOUNT = 0x36
                    0x0036                  _RCOUNT = 0x36
                    0x0038                  DCOUNT = 0x38
                    0x0038                  _DCOUNT = 0x38
                    0x003a                  DOSTARTL = 0x3a
                    0x003a                  _DOSTARTL = 0x3a
                    0x003c                  DOSTARTH = 0x3c
                    0x003c                  _DOSTARTH = 0x3c
                    0x003e                  DOENDL = 0x3e
                    0x003e                  _DOENDL = 0x3e
                    0x0040                  DOENDH = 0x40
                    0x0040                  _DOENDH = 0x40
                    0x0042                  SR = 0x42
                    0x0042                  _SR = 0x42
                    0x0042                  _SRbits = 0x42
                    0x0044                  CORCON = 0x44
                    0x0044                  _CORCON = 0x44
                    0x0044                  _CORCONbits = 0x44
                    0x0046                  MODCON = 0x46
                    0x0046                  _MODCON = 0x46
                    0x0046                  _MODCONbits = 0x46
                    0x0048                  XMODSRT = 0x48
                    0x0048                  _XMODSRT = 0x48
                    0x004a                  XMODEND = 0x4a
                    0x004a                  _XMODEND = 0x4a
                    0x004c                  YMODSRT = 0x4c
                    0x004c                  _YMODSRT = 0x4c
                    0x004e                  YMODEND = 0x4e
                    0x004e                  _YMODEND = 0x4e
                    0x0050                  XBREV = 0x50
                    0x0050                  _XBREV = 0x50
                    0x0050                  _XBREVbits = 0x50
                    0x0052                  DISICNT = 0x52
                    0x0052                  _DISICNT = 0x52
                    0x0052                  _DISICNTbits = 0x52
                    0x0080                  INTCON1 = 0x80
                    0x0080                  _INTCON1 = 0x80
                    0x0080                  _INTCON1bits = 0x80
                    0x0082                  INTCON2 = 0x82
                    0x0082                  _INTCON2 = 0x82
                    0x0082                  _INTCON2bits = 0x82
                    0x0084                  IFS0 = 0x84
                    0x0084                  _IFS0 = 0x84
                    0x0084                  _IFS0bits = 0x84
                    0x0086                  IFS1 = 0x86
                    0x0086                  _IFS1 = 0x86
                    0x0086                  _IFS1bits = 0x86
                    0x0088                  IFS2 = 0x88
                    0x0088                  _IFS2 = 0x88
                    0x0088                  _IFS2bits = 0x88
                    0x008c                  IEC0 = 0x8c
                    0x008c                  _IEC0 = 0x8c
                    0x008c                  _IEC0bits = 0x8c
                    0x008e                  IEC1 = 0x8e
                    0x008e                  _IEC1 = 0x8e
                    0x008e                  _IEC1bits = 0x8e
                    0x0090                  IEC2 = 0x90
                    0x0090                  _IEC2 = 0x90
                    0x0090                  _IEC2bits = 0x90
                    0x0094                  IPC0 = 0x94
                    0x0094                  _IPC0 = 0x94
                    0x0094                  _IPC0bits = 0x94
                    0x0096                  IPC1 = 0x96
                    0x0096                  _IPC1 = 0x96
                    0x0096                  _IPC1bits = 0x96
                    0x0098                  IPC2 = 0x98
                    0x0098                  _IPC2 = 0x98
                    0x0098                  _IPC2bits = 0x98
                    0x009a                  IPC3 = 0x9a
                    0x009a                  _IPC3 = 0x9a
                    0x009a                  _IPC3bits = 0x9a
                    0x009c                  IPC4 = 0x9c
                    0x009c                  _IPC4 = 0x9c
                    0x009c                  _IPC4bits = 0x9c
                    0x009e                  IPC5 = 0x9e
                    0x009e                  _IPC5 = 0x9e
                    0x009e                  _IPC5bits = 0x9e
                    0x00a0                  IPC6 = 0xa0
                    0x00a0                  _IPC6 = 0xa0
                    0x00a0                  _IPC6bits = 0xa0
                    0x00a6                  IPC9 = 0xa6
                    0x00a6                  _IPC9 = 0xa6
                    0x00a6                  _IPC9bits = 0xa6
                    0x00a8                  IPC10 = 0xa8
                    0x00a8                  _IPC10 = 0xa8
                    0x00a8                  _IPC10bits = 0xa8
                    0x00b0                  INTTREG = 0xb0
                    0x00b0                  _INTTREG = 0xb0
                    0x00b0                  _INTTREGbits = 0xb0
                    0x00c0                  CNEN1 = 0xc0
                    0x00c0                  _CNEN1 = 0xc0
                    0x00c0                  _CNEN1bits = 0xc0
                    0x00c2                  CNEN2 = 0xc2
                    0x00c2                  _CNEN2 = 0xc2
                    0x00c2                  _CNEN2bits = 0xc2
                    0x00c4                  CNPU1 = 0xc4
                    0x00c4                  _CNPU1 = 0xc4
                    0x00c4                  _CNPU1bits = 0xc4
                    0x00c6                  CNPU2 = 0xc6
                    0x00c6                  _CNPU2 = 0xc6
                    0x00c6                  _CNPU2bits = 0xc6
                    0x0100                  TMR1 = 0x100
                    0x0100                  _TMR1 = 0x100
                    0x0102                  PR1 = 0x102
                    0x0102                  _PR1 = 0x102
                    0x0104                  T1CON = 0x104
                    0x0104                  _T1CON = 0x104
                    0x0104                  _T1CONbits = 0x104
                    0x0106                  TMR2 = 0x106
                    0x0106                  _TMR2 = 0x106
                    0x0108                  TMR3HLD = 0x108
                    0x0108                  _TMR3HLD = 0x108
                    0x010a                  TMR3 = 0x10a
                    0x010a                  _TMR3 = 0x10a
                    0x010c                  PR2 = 0x10c
                    0x010c                  _PR2 = 0x10c
                    0x010e                  PR3 = 0x10e
                    0x010e                  _PR3 = 0x10e
                    0x0110                  T2CON = 0x110
                    0x0110                  _T2CON = 0x110
                    0x0110                  _T2CONbits = 0x110
                    0x0112                  T3CON = 0x112
                    0x0112                  _T3CON = 0x112
                    0x0112                  _T3CONbits = 0x112
                    0x0114                  TMR4 = 0x114
                    0x0114                  _TMR4 = 0x114
                    0x0116                  TMR5HLD = 0x116
                    0x0116                  _TMR5HLD = 0x116
                    0x0118                  TMR5 = 0x118
                    0x0118                  _TMR5 = 0x118
                    0x011a                  PR4 = 0x11a
                    0x011a                  _PR4 = 0x11a
                    0x011c                  PR5 = 0x11c
                    0x011c                  _PR5 = 0x11c
                    0x011e                  T4CON = 0x11e
                    0x011e                  _T4CON = 0x11e
                    0x011e                  _T4CONbits = 0x11e
                    0x0120                  T5CON = 0x120
                    0x0120                  _T5CON = 0x120
                    0x0120                  _T5CONbits = 0x120
                    0x0122                  QEICON = 0x122
                    0x0122                  _QEICON = 0x122
                    0x0122                  _QEICONbits = 0x122
                    0x0124                  DFLTCON = 0x124
                    0x0124                  _DFLTCON = 0x124
                    0x0124                  _DFLTCONbits = 0x124
                    0x0126                  POSCNT = 0x126
                    0x0126                  _POSCNT = 0x126
                    0x0128                  MAXCNT = 0x128
                    0x0128                  _MAXCNT = 0x128
                    0x0140                  IC1BUF = 0x140
                    0x0140                  _IC1BUF = 0x140
                    0x0142                  IC1CON = 0x142
                    0x0142                  _IC1CON = 0x142
                    0x0142                  _IC1CONbits = 0x142
                    0x0144                  IC2BUF = 0x144
                    0x0144                  _IC2BUF = 0x144
                    0x0146                  IC2CON = 0x146
                    0x0146                  _IC2CON = 0x146
                    0x0146                  _IC2CONbits = 0x146
                    0x0158                  IC7BUF = 0x158
                    0x0158                  _IC7BUF = 0x158
                    0x015a                  IC7CON = 0x15a
                    0x015a                  _IC7CON = 0x15a
                    0x015a                  _IC7CONbits = 0x15a
                    0x015c                  IC8BUF = 0x15c
                    0x015c                  _IC8BUF = 0x15c
                    0x015e                  IC8CON = 0x15e
                    0x015e                  _IC8CON = 0x15e
                    0x015e                  _IC8CONbits = 0x15e
                    0x0180                  OC1RS = 0x180
                    0x0180                  _OC1RS = 0x180
                    0x0182                  OC1R = 0x182
                    0x0182                  _OC1R = 0x182
                    0x0184                  OC1CON = 0x184
                    0x0184                  _OC1CON = 0x184
                    0x0184                  _OC1CONbits = 0x184
                    0x0186                  OC2RS = 0x186
                    0x0186                  _OC2RS = 0x186
                    0x0188                  OC2R = 0x188
                    0x0188                  _OC2R = 0x188
                    0x018a                  OC2CON = 0x18a
                    0x018a                  _OC2CON = 0x18a
                    0x018a                  _OC2CONbits = 0x18a
                    0x018c                  OC3RS = 0x18c
                    0x018c                  _OC3RS = 0x18c
                    0x018e                  OC3R = 0x18e
                    0x018e                  _OC3R = 0x18e
                    0x0190                  OC3CON = 0x190
                    0x0190                  _OC3CON = 0x190
                    0x0190                  _OC3CONbits = 0x190
                    0x0192                  OC4RS = 0x192
                    0x0192                  _OC4RS = 0x192
                    0x0194                  OC4R = 0x194
                    0x0194                  _OC4R = 0x194
                    0x0196                  OC4CON = 0x196
                    0x0196                  _OC4CON = 0x196
                    0x0196                  _OC4CONbits = 0x196
                    0x01c0                  PTCON = 0x1c0
                    0x01c0                  _PTCON = 0x1c0
                    0x01c0                  _PTCONbits = 0x1c0
                    0x01c2                  PTMR = 0x1c2
                    0x01c2                  _PTMR = 0x1c2
                    0x01c2                  _PTMRbits = 0x1c2
                    0x01c4                  PTPER = 0x1c4
                    0x01c4                  _PTPER = 0x1c4
                    0x01c4                  _PTPERbits = 0x1c4
                    0x01c6                  SEVTCMP = 0x1c6
                    0x01c6                  _SEVTCMP = 0x1c6
                    0x01c6                  _SEVTCMPbits = 0x1c6
                    0x01c8                  PWMCON1 = 0x1c8
                    0x01c8                  _PWMCON1 = 0x1c8
                    0x01c8                  _PWMCON1bits = 0x1c8
                    0x01ca                  PWMCON2 = 0x1ca
                    0x01ca                  _PWMCON2 = 0x1ca
                    0x01ca                  _PWMCON2bits = 0x1ca
                    0x01cc                  DTCON1 = 0x1cc
                    0x01cc                  _DTCON1 = 0x1cc
                    0x01cc                  _DTCON1bits = 0x1cc
                    0x01d0                  FLTACON = 0x1d0
                    0x01d0                  _FLTACON = 0x1d0
                    0x01d0                  _FLTACONbits = 0x1d0
                    0x01d4                  OVDCON = 0x1d4
                    0x01d4                  _OVDCON = 0x1d4
                    0x01d4                  _OVDCONbits = 0x1d4
                    0x01d6                  PDC1 = 0x1d6
                    0x01d6                  _PDC1 = 0x1d6
                    0x01d8                  PDC2 = 0x1d8
                    0x01d8                  _PDC2 = 0x1d8
                    0x01da                  PDC3 = 0x1da
                    0x01da                  _PDC3 = 0x1da
                    0x0200                  I2CRCV = 0x200
                    0x0200                  _I2CRCV = 0x200
                    0x0200                  _I2CRCVbits = 0x200
                    0x0202                  I2CTRN = 0x202
                    0x0202                  _I2CTRN = 0x202
                    0x0202                  _I2CTRNbits = 0x202
                    0x0204                  I2CBRG = 0x204
                    0x0204                  _I2CBRG = 0x204
                    0x0204                  _I2CBRGbits = 0x204
                    0x0206                  I2CCON = 0x206
                    0x0206                  _I2CCON = 0x206
                    0x0206                  _I2CCONbits = 0x206
                    0x0208                  I2CSTAT = 0x208
                    0x0208                  _I2CSTAT = 0x208
                    0x0208                  _I2CSTATbits = 0x208
                    0x020a                  I2CADD = 0x20a
                    0x020a                  _I2CADD = 0x20a
                    0x020a                  _I2CADDbits = 0x20a
                    0x020c                  U1MODE = 0x20c
                    0x020c                  _U1MODE = 0x20c
                    0x020c                  _U1MODEbits = 0x20c
                    0x020e                  U1STA = 0x20e
                    0x020e                  _U1STA = 0x20e
                    0x020e                  _U1STAbits = 0x20e
                    0x0210                  U1TXREG = 0x210
                    0x0210                  _U1TXREG = 0x210
                    0x0210                  _U1TXREGbits = 0x210
                    0x0212                  U1RXREG = 0x212
                    0x0212                  _U1RXREG = 0x212
                    0x0212                  _U1RXREGbits = 0x212
                    0x0214                  U1BRG = 0x214
                    0x0214                  _U1BRG = 0x214
                    0x0216                  U2MODE = 0x216
                    0x0216                  _U2MODE = 0x216
                    0x0216                  _U2MODEbits = 0x216
                    0x0218                  U2STA = 0x218
                    0x0218                  _U2STA = 0x218
                    0x0218                  _U2STAbits = 0x218
                    0x021a                  U2TXREG = 0x21a
                    0x021a                  _U2TXREG = 0x21a
                    0x021a                  _U2TXREGbits = 0x21a
                    0x021c                  U2RXREG = 0x21c
                    0x021c                  _U2RXREG = 0x21c
                    0x021c                  _U2RXREGbits = 0x21c
                    0x021e                  U2BRG = 0x21e
                    0x021e                  _U2BRG = 0x21e
                    0x0220                  SPI1STAT = 0x220
                    0x0220                  _SPI1STAT = 0x220
                    0x0220                  _SPI1STATbits = 0x220
                    0x0222                  SPI1CON = 0x222
                    0x0222                  _SPI1CON = 0x222
                    0x0222                  _SPI1CONbits = 0x222
                    0x0224                  SPI1BUF = 0x224
                    0x0224                  _SPI1BUF = 0x224
                    0x0280                  ADCBUF0 = 0x280
                    0x0280                  _ADCBUF0 = 0x280
                    0x0282                  ADCBUF1 = 0x282
                    0x0282                  _ADCBUF1 = 0x282
                    0x0284                  ADCBUF2 = 0x284
                    0x0284                  _ADCBUF2 = 0x284
                    0x0286                  ADCBUF3 = 0x286
                    0x0286                  _ADCBUF3 = 0x286
                    0x0288                  ADCBUF4 = 0x288
                    0x0288                  _ADCBUF4 = 0x288
                    0x028a                  ADCBUF5 = 0x28a
                    0x028a                  _ADCBUF5 = 0x28a
                    0x028c                  ADCBUF6 = 0x28c
                    0x028c                  _ADCBUF6 = 0x28c
                    0x028e                  ADCBUF7 = 0x28e
                    0x028e                  _ADCBUF7 = 0x28e
                    0x0290                  ADCBUF8 = 0x290
                    0x0290                  _ADCBUF8 = 0x290
                    0x0292                  ADCBUF9 = 0x292
                    0x0292                  _ADCBUF9 = 0x292
                    0x0294                  ADCBUFA = 0x294
                    0x0294                  _ADCBUFA = 0x294
                    0x0296                  ADCBUFB = 0x296
                    0x0296                  _ADCBUFB = 0x296
                    0x0298                  ADCBUFC = 0x298
                    0x0298                  _ADCBUFC = 0x298
                    0x029a                  ADCBUFD = 0x29a
                    0x029a                  _ADCBUFD = 0x29a
                    0x029c                  ADCBUFE = 0x29c
                    0x029c                  _ADCBUFE = 0x29c
                    0x029e                  ADCBUFF = 0x29e
                    0x029e                  _ADCBUFF = 0x29e
                    0x02a0                  ADCON1 = 0x2a0
                    0x02a0                  _ADCON1 = 0x2a0
                    0x02a0                  _ADCON1bits = 0x2a0
                    0x02a2                  ADCON2 = 0x2a2
                    0x02a2                  _ADCON2 = 0x2a2
                    0x02a2                  _ADCON2bits = 0x2a2
                    0x02a4                  ADCON3 = 0x2a4
                    0x02a4                  _ADCON3 = 0x2a4
                    0x02a4                  _ADCON3bits = 0x2a4
                    0x02a6                  ADCHS = 0x2a6
                    0x02a6                  _ADCHS = 0x2a6
                    0x02a6                  _ADCHSbits = 0x2a6
                    0x02a8                  ADPCFG = 0x2a8
                    0x02a8                  _ADPCFG = 0x2a8
                    0x02a8                  _ADPCFGbits = 0x2a8
                    0x02aa                  ADCSSL = 0x2aa
                    0x02aa                  _ADCSSL = 0x2aa
                    0x02aa                  _ADCSSLbits = 0x2aa
                    0x02c6                  TRISB = 0x2c6
                    0x02c6                  _TRISB = 0x2c6
                    0x02c6                  _TRISBbits = 0x2c6
                    0x02c8                  PORTB = 0x2c8
                    0x02c8                  _PORTB = 0x2c8
                    0x02c8                  _PORTBbits = 0x2c8
                    0x02ca                  LATB = 0x2ca
                    0x02ca                  _LATB = 0x2ca
                    0x02ca                  _LATBbits = 0x2ca
                    0x02cc                  TRISC = 0x2cc
                    0x02cc                  _TRISC = 0x2cc
                    0x02cc                  _TRISCbits = 0x2cc
                    0x02ce                  PORTC = 0x2ce
                    0x02ce                  _PORTC = 0x2ce
                    0x02ce                  _PORTCbits = 0x2ce
                    0x02d0                  LATC = 0x2d0
                    0x02d0                  _LATC = 0x2d0
                    0x02d0                  _LATCbits = 0x2d0
                    0x02d2                  TRISD = 0x2d2
                    0x02d2                  _TRISD = 0x2d2
                    0x02d2                  _TRISDbits = 0x2d2
                    0x02d4                  PORTD = 0x2d4
                    0x02d4                  _PORTD = 0x2d4
                    0x02d4                  _PORTDbits = 0x2d4
                    0x02d6                  LATD = 0x2d6
                    0x02d6                  _LATD = 0x2d6
                    0x02d6                  _LATDbits = 0x2d6
                    0x02d8                  TRISE = 0x2d8
                    0x02d8                  _TRISE = 0x2d8
                    0x02d8                  _TRISEbits = 0x2d8
                    0x02da                  PORTE = 0x2da
                    0x02da                  _PORTE = 0x2da
                    0x02da                  _PORTEbits = 0x2da
                    0x02dc                  LATE = 0x2dc
                    0x02dc                  _LATE = 0x2dc
                    0x02dc                  _LATEbits = 0x2dc
                    0x02de                  TRISF = 0x2de
                    0x02de                  _TRISF = 0x2de
                    0x02de                  _TRISFbits = 0x2de
                    0x02e0                  PORTF = 0x2e0
                    0x02e0                  _PORTF = 0x2e0
                    0x02e0                  _PORTFbits = 0x2e0
                    0x02e2                  LATF = 0x2e2
                    0x02e2                  _LATF = 0x2e2
                    0x02e2                  _LATFbits = 0x2e2
                    0x0300                  C1RXF0SID = 0x300
                    0x0300                  _C1RXF0SID = 0x300
                    0x0300                  _C1RXF0SIDbits = 0x300
                    0x0302                  C1RXF0EIDH = 0x302
                    0x0302                  _C1RXF0EIDH = 0x302
                    0x0302                  _C1RXF0EIDHbits = 0x302
                    0x0304                  C1RXF0EIDL = 0x304
                    0x0304                  _C1RXF0EIDL = 0x304
                    0x0304                  _C1RXF0EIDLbits = 0x304
                    0x0308                  C1RXF1SID = 0x308
                    0x0308                  _C1RXF1SID = 0x308
                    0x0308                  _C1RXF1SIDbits = 0x308
                    0x030a                  C1RXF1EIDH = 0x30a
                    0x030a                  _C1RXF1EIDH = 0x30a
                    0x030a                  _C1RXF1EIDHbits = 0x30a
                    0x030c                  C1RXF1EIDL = 0x30c
                    0x030c                  _C1RXF1EIDL = 0x30c
                    0x030c                  _C1RXF1EIDLbits = 0x30c
                    0x0310                  C1RXF2SID = 0x310
                    0x0310                  _C1RXF2SID = 0x310
                    0x0310                  _C1RXF2SIDbits = 0x310
                    0x0312                  C1RXF2EIDH = 0x312
                    0x0312                  _C1RXF2EIDH = 0x312
                    0x0312                  _C1RXF2EIDHbits = 0x312
                    0x0314                  C1RXF2EIDL = 0x314
                    0x0314                  _C1RXF2EIDL = 0x314
                    0x0314                  _C1RXF2EIDLbits = 0x314
                    0x0318                  C1RXF3SID = 0x318
                    0x0318                  _C1RXF3SID = 0x318
                    0x0318                  _C1RXF3SIDbits = 0x318
                    0x031a                  C1RXF3EIDH = 0x31a
                    0x031a                  _C1RXF3EIDH = 0x31a
                    0x031a                  _C1RXF3EIDHbits = 0x31a
                    0x031c                  C1RXF3EIDL = 0x31c
                    0x031c                  _C1RXF3EIDL = 0x31c
                    0x031c                  _C1RXF3EIDLbits = 0x31c
                    0x0320                  C1RXF4SID = 0x320
                    0x0320                  _C1RXF4SID = 0x320
                    0x0320                  _C1RXF4SIDbits = 0x320
                    0x0322                  C1RXF4EIDH = 0x322
                    0x0322                  _C1RXF4EIDH = 0x322
                    0x0322                  _C1RXF4EIDHbits = 0x322
                    0x0324                  C1RXF4EIDL = 0x324
                    0x0324                  _C1RXF4EIDL = 0x324
                    0x0324                  _C1RXF4EIDLbits = 0x324
                    0x0328                  C1RXF5SID = 0x328
                    0x0328                  _C1RXF5SID = 0x328
                    0x0328                  _C1RXF5SIDbits = 0x328
                    0x032a                  C1RXF5EIDH = 0x32a
                    0x032a                  _C1RXF5EIDH = 0x32a
                    0x032a                  _C1RXF5EIDHbits = 0x32a
                    0x032c                  C1RXF5EIDL = 0x32c
                    0x032c                  _C1RXF5EIDL = 0x32c
                    0x032c                  _C1RXF5EIDLbits = 0x32c
                    0x0330                  C1RXM0SID = 0x330
                    0x0330                  _C1RXM0SID = 0x330
                    0x0330                  _C1RXM0SIDbits = 0x330
                    0x0332                  C1RXM0EIDH = 0x332
                    0x0332                  _C1RXM0EIDH = 0x332
                    0x0332                  _C1RXM0EIDHbits = 0x332
                    0x0334                  C1RXM0EIDL = 0x334
                    0x0334                  _C1RXM0EIDL = 0x334
                    0x0334                  _C1RXM0EIDLbits = 0x334
                    0x0338                  C1RXM1SID = 0x338
                    0x0338                  _C1RXM1SID = 0x338
                    0x0338                  _C1RXM1SIDbits = 0x338
                    0x033a                  C1RXM1EIDH = 0x33a
                    0x033a                  _C1RXM1EIDH = 0x33a
                    0x033a                  _C1RXM1EIDHbits = 0x33a
                    0x033c                  C1RXM1EIDL = 0x33c
                    0x033c                  _C1RXM1EIDL = 0x33c
                    0x033c                  _C1RXM1EIDLbits = 0x33c
                    0x0340                  C1TX2SID = 0x340
                    0x0340                  _C1TX2SID = 0x340
                    0x0340                  _C1TX2SIDbits = 0x340
                    0x0342                  C1TX2EID = 0x342
                    0x0342                  _C1TX2EID = 0x342
                    0x0342                  _C1TX2EIDbits = 0x342
                    0x0344                  C1TX2DLC = 0x344
                    0x0344                  _C1TX2DLC = 0x344
                    0x0344                  _C1TX2DLCbits = 0x344
                    0x0346                  C1TX2B1 = 0x346
                    0x0346                  _C1TX2B1 = 0x346
                    0x0346                  _C1TX2B1bits = 0x346
                    0x0348                  C1TX2B2 = 0x348
                    0x0348                  _C1TX2B2 = 0x348
                    0x0348                  _C1TX2B2bits = 0x348
                    0x034a                  C1TX2B3 = 0x34a
                    0x034a                  _C1TX2B3 = 0x34a
                    0x034a                  _C1TX2B3bits = 0x34a
                    0x034c                  C1TX2B4 = 0x34c
                    0x034c                  _C1TX2B4 = 0x34c
                    0x034c                  _C1TX2B4bits = 0x34c
                    0x034e                  C1TX2CON = 0x34e
                    0x034e                  _C1TX2CON = 0x34e
                    0x034e                  _C1TX2CONbits = 0x34e
                    0x0350                  C1TX1SID = 0x350
                    0x0350                  _C1TX1SID = 0x350
                    0x0350                  _C1TX1SIDbits = 0x350
                    0x0352                  C1TX1EID = 0x352
                    0x0352                  _C1TX1EID = 0x352
                    0x0352                  _C1TX1EIDbits = 0x352
                    0x0354                  C1TX1DLC = 0x354
                    0x0354                  _C1TX1DLC = 0x354
                    0x0354                  _C1TX1DLCbits = 0x354
                    0x0356                  C1TX1B1 = 0x356
                    0x0356                  _C1TX1B1 = 0x356
                    0x0356                  _C1TX1B1bits = 0x356
                    0x0358                  C1TX1B2 = 0x358
                    0x0358                  _C1TX1B2 = 0x358
                    0x0358                  _C1TX1B2bits = 0x358
                    0x035a                  C1TX1B3 = 0x35a
                    0x035a                  _C1TX1B3 = 0x35a
                    0x035a                  _C1TX1B3bits = 0x35a
                    0x035c                  C1TX1B4 = 0x35c
                    0x035c                  _C1TX1B4 = 0x35c
                    0x035c                  _C1TX1B4bits = 0x35c
                    0x035e                  C1TX1CON = 0x35e
                    0x035e                  _C1TX1CON = 0x35e
                    0x035e                  _C1TX1CONbits = 0x35e
                    0x0360                  C1TX0SID = 0x360
                    0x0360                  _C1TX0SID = 0x360
                    0x0360                  _C1TX0SIDbits = 0x360
                    0x0362                  C1TX0EID = 0x362
                    0x0362                  _C1TX0EID = 0x362
                    0x0362                  _C1TX0EIDbits = 0x362
                    0x0364                  C1TX0DLC = 0x364
                    0x0364                  _C1TX0DLC = 0x364
                    0x0364                  _C1TX0DLCbits = 0x364
                    0x0366                  C1TX0B1 = 0x366
                    0x0366                  _C1TX0B1 = 0x366
                    0x0366                  _C1TX0B1bits = 0x366
                    0x0368                  C1TX0B2 = 0x368
                    0x0368                  _C1TX0B2 = 0x368
                    0x0368                  _C1TX0B2bits = 0x368
                    0x036a                  C1TX0B3 = 0x36a
                    0x036a                  _C1TX0B3 = 0x36a
                    0x036a                  _C1TX0B3bits = 0x36a
                    0x036c                  C1TX0B4 = 0x36c
                    0x036c                  _C1TX0B4 = 0x36c
                    0x036c                  _C1TX0B4bits = 0x36c
                    0x036e                  C1TX0CON = 0x36e
                    0x036e                  _C1TX0CON = 0x36e
                    0x036e                  _C1TX0CONbits = 0x36e
                    0x0370                  C1RX1SID = 0x370
                    0x0370                  _C1RX1SID = 0x370
                    0x0370                  _C1RX1SIDbits = 0x370
                    0x0372                  C1RX1EID = 0x372
                    0x0372                  _C1RX1EID = 0x372
                    0x0372                  _C1RX1EIDbits = 0x372
                    0x0374                  C1RX1DLC = 0x374
                    0x0374                  _C1RX1DLC = 0x374
                    0x0374                  _C1RX1DLCbits = 0x374
                    0x0376                  C1RX1B1 = 0x376
                    0x0376                  _C1RX1B1 = 0x376
                    0x0376                  _C1RX1B1bits = 0x376
                    0x0378                  C1RX1B2 = 0x378
                    0x0378                  _C1RX1B2 = 0x378
                    0x0378                  _C1RX1B2bits = 0x378
                    0x037a                  C1RX1B3 = 0x37a
                    0x037a                  _C1RX1B3 = 0x37a
                    0x037a                  _C1RX1B3bits = 0x37a
                    0x037c                  C1RX1B4 = 0x37c
                    0x037c                  _C1RX1B4 = 0x37c
                    0x037c                  _C1RX1B4bits = 0x37c
                    0x037e                  C1RX1CON = 0x37e
                    0x037e                  _C1RX1CON = 0x37e
                    0x037e                  _C1RX1CONbits = 0x37e
                    0x0380                  C1RX0SID = 0x380
                    0x0380                  _C1RX0SID = 0x380
                    0x0380                  _C1RX0SIDbits = 0x380
                    0x0382                  C1RX0EID = 0x382
                    0x0382                  _C1RX0EID = 0x382
                    0x0382                  _C1RX0EIDbits = 0x382
                    0x0384                  C1RX0DLC = 0x384
                    0x0384                  _C1RX0DLC = 0x384
                    0x0384                  _C1RX0DLCbits = 0x384
                    0x0386                  C1RX0B1 = 0x386
                    0x0386                  _C1RX0B1 = 0x386
                    0x0386                  _C1RX0B1bits = 0x386
                    0x0388                  C1RX0B2 = 0x388
                    0x0388                  _C1RX0B2 = 0x388
                    0x0388                  _C1RX0B2bits = 0x388
                    0x038a                  C1RX0B3 = 0x38a
                    0x038a                  _C1RX0B3 = 0x38a
                    0x038a                  _C1RX0B3bits = 0x38a
                    0x038c                  C1RX0B4 = 0x38c
                    0x038c                  _C1RX0B4 = 0x38c
                    0x038c                  _C1RX0B4bits = 0x38c
                    0x038e                  C1RX0CON = 0x38e
                    0x038e                  _C1RX0CON = 0x38e
                    0x038e                  _C1RX0CONbits = 0x38e
                    0x0390                  C1CTRL = 0x390
                    0x0390                  _C1CTRL = 0x390
                    0x0390                  _C1CTRLbits = 0x390
                    0x0392                  C1CFG1 = 0x392
                    0x0392                  _C1CFG1 = 0x392
                    0x0392                  _C1CFG1bits = 0x392
                    0x0394                  C1CFG2 = 0x394
                    0x0394                  _C1CFG2 = 0x394
                    0x0394                  _C1CFG2bits = 0x394
                    0x0396                  C1INTF = 0x396
                    0x0396                  _C1INTF = 0x396
                    0x0396                  _C1INTFbits = 0x396
                    0x0398                  C1INTE = 0x398
                    0x0398                  _C1INTE = 0x398
                    0x0398                  _C1INTEbits = 0x398
                    0x039a                  C1EC = 0x39a
                    0x039a                  _C1EC = 0x39a
                    0x039a                  _C1ECbits = 0x39a
                    0x039a                  C1RERRCNT = 0x39a
                    0x039a                  _C1RERRCNT = 0x39a
                    0x039b                  C1TERRCNT = 0x39b
                    0x039b                  _C1TERRCNT = 0x39b
                    0x0740                  RCON = 0x740
                    0x0740                  _RCON = 0x740
                    0x0740                  _RCONbits = 0x740
                    0x0742                  OSCCON = 0x742
                    0x0742                  _OSCCON = 0x742
                    0x0742                  _OSCCONbits = 0x742
                    0x0742                  OSCCONL = 0x742
                    0x0742                  _OSCCONL = 0x742
                    0x0743                  OSCCONH = 0x743
                    0x0743                  _OSCCONH = 0x743
                    0x0760                  NVMCON = 0x760
                    0x0760                  _NVMCON = 0x760
                    0x0760                  _NVMCONbits = 0x760
                    0x0762                  NVMADR = 0x762
                    0x0762                  _NVMADR = 0x762
                    0x0764                  NVMADRU = 0x764
                    0x0764                  _NVMADRU = 0x764
                    0x0764                  _NVMADRUbits = 0x764
                    0x0766                  NVMKEY = 0x766
                    0x0766                  _NVMKEY = 0x766
                    0x0770                  PMD1 = 0x770
                    0x0770                  _PMD1 = 0x770
                    0x0770                  _PMD1bits = 0x770
                    0x0772                  PMD2 = 0x772
                    0x0772                  _PMD2 = 0x772
                    0x0772                  _PMD2bits = 0x772
                    0x0022                  ACCA = 0x22
                    0x0022                  _ACCA = 0x22
                    0x0028                  ACCB = 0x28
                    0x0028                  _ACCB = 0x28
                    0x0300                  CAN1 = 0x300
                    0x0300                  _CAN1 = 0x300
                    0x0140                  IC1 = 0x140
                    0x0140                  _IC1 = 0x140
                    0x0144                  IC2 = 0x144
                    0x0144                  _IC2 = 0x144
                    0x0158                  IC7 = 0x158
                    0x0158                  _IC7 = 0x158
                    0x015c                  IC8 = 0x15c
                    0x015c                  _IC8 = 0x15c
                    0x0180                  OC1 = 0x180
                    0x0180                  _OC1 = 0x180
                    0x0186                  OC2 = 0x186
                    0x0186                  _OC2 = 0x186
                    0x018c                  OC3 = 0x18c
                    0x018c                  _OC3 = 0x18c
                    0x0192                  OC4 = 0x192
                    0x0192                  _OC4 = 0x192
                    0x0220                  SPI1 = 0x220
                    0x0220                  _SPI1 = 0x220
                    0x020c                  UART1 = 0x20c
                    0x020c                  _UART1 = 0x20c
                    0x0216                  UART2 = 0x216
                    0x0216                  _UART2 = 0x216
START GROUP
LOAD /Applications/microchip/xc16/v2.00/bin/bin/../../lib/libc99-pic30-elf.a
LOAD /Applications/microchip/xc16/v2.00/bin/bin/../../lib/libm-elf.a
LOAD /Applications/microchip/xc16/v2.00/bin/bin/../../lib/libc99-elf.a
END GROUP
OUTPUT(dist/default/production/ES_Assignment2.X.production.elf elf32-pic30)
LOAD /CW/_FGSXŒn
LOAD jump_table
LOAD default_isr
LOAD data_init

.debug_pubtypes
                  0x0003a8        0x417
 .debug_pubtypes
                  0x0003a8        0x202 build/default/production/main.o
 .debug_pubtypes
                  0x0005aa         0xf4 build/default/production/my_timer_lib.o
 .debug_pubtypes
                  0x00069e         0xc4 build/default/production/my_print_lib.o
 .debug_pubtypes
                  0x000762         0x3a build/default/production/my_circular_buffer_lib.o
 .debug_pubtypes
                  0x00079c         0x23 build/default/production/parser.o

__c30_signature
                  0x0007bf        0x13e
 __c30_signature
                  0x0007bf          0x6 build/default/production/main.o
 __c30_signature
                  0x0007c5          0x6 build/default/production/my_timer_lib.o
 __c30_signature
                  0x0007cb          0x6 build/default/production/my_print_lib.o
 __c30_signature
                  0x0007d1          0x6 build/default/production/my_circular_buffer_lib.o
 __c30_signature
                  0x0007d7          0x6 build/default/production/parser.o
 __c30_signature
                  0x0007dd          0x6 /Applications/microchip/xc16/v2.00/bin/bin/../../lib/libc99-pic30-elf.a(crt0_standard.o)
 __c30_signature
                  0x0007e3          0x6 /Applications/microchip/xc16/v2.00/bin/bin/../../lib/libc99-pic30-elf.a(data_init_standard.o)
 __c30_signature
                  0x0007e9          0x6 /Applications/microchip/xc16/v2.00/bin/bin/../../lib/libc99-pic30-elf.a(fgtge.XX_o)
 __c30_signature
                  0x0007ef          0x6 /Applications/microchip/xc16/v2.00/bin/bin/../../lib/libc99-pic30-elf.a(fixsfsi.XX_o)
 __c30_signature
                  0x0007f5          0x6 /Applications/microchip/xc16/v2.00/bin/bin/../../lib/libc99-pic30-elf.a(fixunssfsi.XX_o)
 __c30_signature
                  0x0007fb          0x6 /Applications/microchip/xc16/v2.00/bin/bin/../../lib/libc99-pic30-elf.a(floatsisf.XX_o)
 __c30_signature
                  0x000801          0x6 /Applications/microchip/xc16/v2.00/bin/bin/../../lib/libc99-pic30-elf.a(floatunsisf.XX_o)
 __c30_signature
                  0x000807          0x6 /Applications/microchip/xc16/v2.00/bin/bin/../../lib/libc99-pic30-elf.a(funpack.XX_o)
 __c30_signature
                  0x00080d          0x6 /Applications/microchip/xc16/v2.00/bin/bin/../../lib/libc99-pic30-elf.a(errno.XX_o)
 __c30_signature
                  0x000813          0x6 /Applications/microchip/xc16/v2.00/bin/bin/../../lib/libc99-pic30-elf.a(fcompare.XX_o)
 __c30_signature
                  0x000819          0x6 /Applications/microchip/xc16/v2.00/bin/bin/../../lib/libc99-pic30-elf.a(floatdisf.XX_o)
 __c30_signature
                  0x00081f          0x6 /Applications/microchip/xc16/v2.00/bin/bin/../../lib/libc99-pic30-elf.a(floatundisf.XX_o)
 __c30_signature
                  0x000825          0x6 /Applications/microchip/xc16/v2.00/bin/bin/../../lib/libc99-pic30-elf.a(fpack.XX_o)
 __c30_signature
                  0x00082b          0x6 /Applications/microchip/xc16/v2.00/bin/bin/../../lib/libc99-pic30-elf.a(funpack2.XX_o)
 __c30_signature
                  0x000831          0x6 /Applications/microchip/xc16/v2.00/bin/bin/../../lib/libc99-elf.a(__sio_sprintf_f.XX_o)
 __c30_signature
                  0x000837          0x6 /Applications/microchip/xc16/v2.00/bin/bin/../../lib/libc99-elf.a(strcmp.XX_o)
 __c30_signature
                  0x00083d          0x6 /Applications/microchip/xc16/v2.00/bin/bin/../../lib/libc99-elf.a(lite_free.XX_o)
 __c30_signature
                  0x000843          0x6 /Applications/microchip/xc16/v2.00/bin/bin/../../lib/libc99-elf.a(__fmt_fp.XX_o)
 __c30_signature
                  0x000849          0x6 /Applications/microchip/xc16/v2.00/bin/bin/../../lib/libc99-elf.a(__int_vsprintf.XX_o)
 __c30_signature
                  0x00084f          0x6 /Applications/microchip/xc16/v2.00/bin/bin/../../lib/libc99-elf.a(__printf_core.XX_o)
 __c30_signature
                  0x000855          0x6 /Applications/microchip/xc16/v2.00/bin/bin/../../lib/libc99-elf.a(memcpy.XX_o)
 __c30_signature
                  0x00085b          0x6 /Applications/microchip/xc16/v2.00/bin/bin/../../lib/libc99-elf.a(memset.XX_o)
 __c30_signature
                  0x000861          0x6 /Applications/microchip/xc16/v2.00/bin/bin/../../lib/libc99-elf.a(strlen.XX_o)
 __c30_signature
                  0x000867          0x6 /Applications/microchip/xc16/v2.00/bin/bin/../../lib/libc99-elf.a(__int_vsnprintf.XX_o)
 __c30_signature
                  0x00086d          0x6 /Applications/microchip/xc16/v2.00/bin/bin/../../lib/libc99-elf.a(__int_vfprintf.XX_o)
 __c30_signature
                  0x000873          0x6 /Applications/microchip/xc16/v2.00/bin/bin/../../lib/libc99-elf.a(atoi.XX_o)
 __c30_signature
                  0x000879          0x6 /Applications/microchip/xc16/v2.00/bin/bin/../../lib/libc99-elf.a(strcpy.XX_o)
 __c30_signature
                  0x00087f          0x6 /Applications/microchip/xc16/v2.00/bin/bin/../../lib/libc99-elf.a(tolower.XX_o)
 __c30_signature
                  0x000885          0x6 /Applications/microchip/xc16/v2.00/bin/bin/../../lib/libc99-elf.a(__errno_location.XX_lo)
 __c30_signature
                  0x00088b          0x6 /Applications/microchip/xc16/v2.00/bin/bin/../../lib/libc99-elf.a(__pop_float.XX_lo)
 __c30_signature
                  0x000891          0x6 /Applications/microchip/xc16/v2.00/bin/bin/../../lib/libc99-elf.a(__pop_int.XX_lo)
 __c30_signature
                  0x000897          0x6 /Applications/microchip/xc16/v2.00/bin/bin/../../lib/libc99-elf.a(__pop_ptr.XX_lo)
 __c30_signature
                  0x00089d          0x6 /Applications/microchip/xc16/v2.00/bin/bin/../../lib/libc99-elf.a(stpcpy.XX_o)
 __c30_signature
                  0x0008a3          0x6 /Applications/microchip/xc16/v2.00/bin/bin/../../lib/libc99-pic30-elf.a(deqltle.XX_o)
 __c30_signature
                  0x0008a9          0x6 /Applications/microchip/xc16/v2.00/bin/bin/../../lib/libc99-pic30-elf.a(extendsfdf.XX_o)
 __c30_signature
                  0x0008af          0x6 /Applications/microchip/xc16/v2.00/bin/bin/../../lib/libc99-pic30-elf.a(fixdfsi.XX_o)
 __c30_signature
                  0x0008b5          0x6 /Applications/microchip/xc16/v2.00/bin/bin/../../lib/libc99-pic30-elf.a(mulsi3.XX_o)
 __c30_signature
                  0x0008bb          0x6 /Applications/microchip/xc16/v2.00/bin/bin/../../lib/libc99-pic30-elf.a(dpadd.XX_o)
 __c30_signature
                  0x0008c1          0x6 /Applications/microchip/xc16/v2.00/bin/bin/../../lib/libc99-pic30-elf.a(dpdiv.XX_o)
 __c30_signature
                  0x0008c7          0x6 /Applications/microchip/xc16/v2.00/bin/bin/../../lib/libc99-pic30-elf.a(dpmul.XX_o)
 __c30_signature
                  0x0008cd          0x6 /Applications/microchip/xc16/v2.00/bin/bin/../../lib/libc99-pic30-elf.a(dpsubs.XX_o)
 __c30_signature
                  0x0008d3          0x6 /Applications/microchip/xc16/v2.00/bin/bin/../../lib/libc99-pic30-elf.a(dcompare.XX_o)
 __c30_signature
                  0x0008d9          0x6 /Applications/microchip/xc16/v2.00/bin/bin/../../lib/libc99-pic30-elf.a(dtype.XX_o)
 __c30_signature
                  0x0008df          0x6 /Applications/microchip/xc16/v2.00/bin/bin/../../lib/libc99-pic30-elf.a(dunpack.XX_o)
 __c30_signature
                  0x0008e5          0x6 /Applications/microchip/xc16/v2.00/bin/bin/../../lib/libc99-pic30-elf.a(dunpack2.XX_o)
 __c30_signature
                  0x0008eb          0x6 /Applications/microchip/xc16/v2.00/bin/bin/../../lib/libc99-pic30-elf.a(dpropagateNaN.XX_o)
 __c30_signature
                  0x0008f1          0x6 /Applications/microchip/xc16/v2.00/bin/bin/../../lib/libm-elf.a(floorl.XX_o)
 __c30_signature
                  0x0008f7          0x6 /Applications/microchip/xc16/v2.00/bin/bin/../../lib/libc99-pic30-elf.a(dgtge.XX_o)

.nbss               0x0800         0xa2
 .nbss              0x0800         0xa0 build/default/production/main.o
                    0x0800                  _out_sdata
                    0x080a                  _in_buffer
                    0x0814                  _out_buffer
                    0x081e                  _pstate
                    0x088e                  _schedInfo
 .nbss              0x08a0          0x2 /Applications/microchip/xc16/v2.00/bin/bin/../../lib/libc99-pic30-elf.a(errno.XX_o)
                    0x08a0                  _errno

.data               0x08a2         0x2c
 .data              0x08a2         0x1c /Applications/microchip/xc16/v2.00/bin/bin/../../lib/libc99-elf.a(__printf_core.XX_o)
 .data              0x08be         0x10 /Applications/microchip/xc16/v2.00/bin/bin/../../lib/libc99-elf.a(__fmt_fp.XX_o)

.bss                0x08ce          0x4
 .bss               0x08ce          0x2 /Applications/microchip/xc16/v2.00/bin/bin/../../lib/libc99-elf.a(lite_free.XX_o)
                    0x08ce                  ___freelist
 .bss               0x08d0          0x2 /Applications/microchip/xc16/v2.00/bin/bin/../../lib/libc99-elf.a(__errno_location.XX_lo)
                    0x08d0                  ___errno_val

.config_ICS       0xf8000c          0x2
 .config_ICS      0xf8000c          0x2 build/default/production/main.o

.config_MCLRE     0xf80004          0x2
 .config_MCLRE    0xf80004          0x2 build/default/production/main.o

.config_WDT       0xf80002          0x2
 .config_WDT      0xf80002          0x2 build/default/production/main.o

.config_FCKSMEN
                  0xf80000          0x2
 .config_FCKSMEN
                  0xf80000          0x2 build/default/production/main.o

.ivt._U2RXInterrupt
                  0x000044          0x2
 .ivt._U2RXInterrupt
                  0x000044          0x2 build/default/production/main.o

.ivt._U2TXInterrupt
                  0x000046          0x2
 .ivt._U2TXInterrupt
                  0x000046          0x2 build/default/production/main.o

.const              0x9efa         0x18 load address 0x001efa  
 .const             0x9efa         0x18 build/default/production/main.o

.text             0x001f12        0x72a
 .text            0x001f12        0x27c build/default/production/main.o
                  0x001f12                  _blink_task
                  0x001f22                  _handleUARTReading
                  0x001f42                  _handleUARTWriting
                  0x001f60                  _handleUARTOverflow
                  0x001f72                  _control_task
                  0x002058                  _parse_input
                  0x002064                  _parse_output
                  0x002096                  _feedback_task
                  0x0020c8                  _scheduler
                  0x0020f0                  _main
 .text            0x00218e        0x1c2 build/default/production/my_timer_lib.o
                  0x00218e                  _trm1_setup
                  0x0021a4                  _trm2_setup
                  0x0021ba                  _trm3_setup
                  0x0021d0                  _trm4_setup
                  0x0021e6                  _trm5_setup
                  0x0021fc                  _tmr_setup_period
                  0x002300                  _tmr_wait_period
                  0x002340                  _tmr_wait_ms